 torque_controller_sfun

 Timestamp is 5c7fb30b (Wed Mar  6 12:46:19 2019)

 Preferred load address is 0000000180000000

 Start         Length     Name                   Class
 0001:00000000 00012910H .text$mn                CODE
 0001:00012910 00000012H .text$mn$00             CODE
 0001:00012922 00000081H .text$x                 CODE
 0002:00000000 00000558H .idata$5                DATA
 0002:00000558 00000010H .00cfg                  DATA
 0002:00000568 00000008H .CRT$XCA                DATA
 0002:00000570 00000008H .CRT$XCZ                DATA
 0002:00000578 00000008H .CRT$XIA                DATA
 0002:00000580 00000008H .CRT$XIZ                DATA
 0002:00000588 00000008H .CRT$XPA                DATA
 0002:00000590 00000008H .CRT$XPZ                DATA
 0002:00000598 00000008H .CRT$XTA                DATA
 0002:000005a0 00000010H .CRT$XTZ                DATA
 0002:000005a8 00000000H .gfids$y                DATA
 0002:000005b0 000002e0H .rdata                  DATA
 0002:00000890 00000218H .rdata$zzzdbg           DATA
 0002:00000aa8 00000008H .rtc$IAA                DATA
 0002:00000ab0 00000008H .rtc$IZZ                DATA
 0002:00000ab8 00000008H .rtc$TAA                DATA
 0002:00000ac0 00000008H .rtc$TZZ                DATA
 0002:00000ac8 00000998H .xdata                  DATA
 0002:00001460 00000080H .edata                  DATA
 0002:000014e0 00000104H .idata$2                DATA
 0002:000015e4 00000014H .idata$3                DATA
 0002:000015f8 00000558H .idata$4                DATA
 0002:00001b50 00000fecH .idata$6                DATA
 0003:00000000 000030f0H .data                   DATA
 0003:000030f0 00000638H .bss                    DATA
 0004:00000000 00000b40H .pdata                  DATA

  Address         Publics by Value              Rva+Base               Lib:Object

 0000:00000000       __guard_fids_table         0000000000000000     <absolute>
 0000:00000000       __guard_longjmp_table      0000000000000000     <absolute>
 0000:00000000       __dynamic_value_reloc_table 0000000000000000     <absolute>
 0000:00000000       __guard_longjmp_count      0000000000000000     <absolute>
 0000:00000000       __enclave_config           0000000000000000     <absolute>
 0000:00000000       __guard_fids_count         0000000000000000     <absolute>
 0000:00000000       __volatile_metadata        0000000000000000     <absolute>
 0000:00000000       __guard_iat_table          0000000000000000     <absolute>
 0000:00000000       ___safe_se_handler_table   0000000000000000     <absolute>
 0000:00000000       __hybrid_code_map_count    0000000000000000     <absolute>
 0000:00000000       __hybrid_auxiliary_iat     0000000000000000     <absolute>
 0000:00000000       __hybrid_code_map          0000000000000000     <absolute>
 0000:00000000       ___safe_se_handler_count   0000000000000000     <absolute>
 0000:00000000       __guard_iat_count          0000000000000000     <absolute>
 0000:00000100       __guard_flags              0000000000000100     <absolute>
 0000:00000000       __ImageBase                0000000180000000     <linker-defined>
 0001:00000000       torque_controller_initializer 0000000180001000 f   torque_controller_sfun.obj
 0001:00000010       torque_controller_terminator 0000000180001010 f   torque_controller_sfun.obj
 0001:00000020       load_torque_controller_optimization_info 0000000180001020 f   torque_controller_sfun.obj
 0001:000000d0       unload_torque_controller_optimization_info 00000001800010d0 f   torque_controller_sfun.obj
 0001:00000100       sf_torque_controller_method_dispatcher 0000000180001100 f   torque_controller_sfun.obj
 0001:00000150       sf_torque_controller_process_check_sum_call 0000000180001150 f   torque_controller_sfun.obj
 0001:00000640       sf_torque_controller_autoinheritance_info 0000000180001640 f   torque_controller_sfun.obj
 0001:00000820       sf_torque_controller_get_eml_resolved_functions_info 0000000180001820 f   torque_controller_sfun.obj
 0001:00000a00       sf_torque_controller_third_party_uses_info 0000000180001a00 f   torque_controller_sfun.obj
 0001:00000bd0       sf_torque_controller_jit_fallback_info 0000000180001bd0 f   torque_controller_sfun.obj
 0001:00000da0       sf_torque_controller_updateBuildInfo_args_info 0000000180001da0 f   torque_controller_sfun.obj
 0001:00000f70       torque_controller_debug_initialize 0000000180001f70 f   torque_controller_sfun.obj
 0001:00000ff0       torque_controller_register_exported_symbols 0000000180001ff0 f   torque_controller_sfun.obj
 0001:00001040       sf_c1_torque_controller_get_eml_resolved_functions_info 0000000180002040 f   c1_torque_controller.obj
 0001:000010c0       sf_c1_torque_controller_get_check_sum 00000001800020c0 f   c1_torque_controller.obj
 0001:00001190       c1_torque_controller_method_dispatcher 0000000180002190 f   c1_torque_controller.obj
 0001:00006b10       sf_c1_torque_controller_get_post_codegen_info 0000000180007b10 f   c1_torque_controller.obj
 0001:00006be0       sf_c1_torque_controller_get_autoinheritance_info 0000000180007be0 f   c1_torque_controller.obj
 0001:00006ec0       sf_c1_torque_controller_third_party_uses_info 0000000180007ec0 f   c1_torque_controller.obj
 0001:00006ef0       sf_c1_torque_controller_jit_fallback_info 0000000180007ef0 f   c1_torque_controller.obj
 0001:00007080       sf_c1_torque_controller_updateBuildInfo_args_info 0000000180008080 f   c1_torque_controller.obj
 0001:00007d20       mexFunction                0000000180008d20 f   torque_controller_sfun_registry.obj
 0001:0000a2e0       _ssSetInputPortDirectFeedThroughFcn 000000018000b2e0 f   torque_controller_sfun_registry.obj
 0001:0000a450       _ssSetRWorkValueFcn        000000018000b450 f   torque_controller_sfun_registry.obj
 0001:0000a4d0       _ssGetRWorkValueFcn        000000018000b4d0 f   torque_controller_sfun_registry.obj
 0001:0000a540       _ssSetIWorkValueFcn        000000018000b540 f   torque_controller_sfun_registry.obj
 0001:0000a5c0       _ssGetIWorkValueFcn        000000018000b5c0 f   torque_controller_sfun_registry.obj
 0001:0000a630       _ssSetPWorkValueFcn        000000018000b630 f   torque_controller_sfun_registry.obj
 0001:0000a6b0       _ssGetPWorkValueFcn        000000018000b6b0 f   torque_controller_sfun_registry.obj
 0001:0000a720       _ssGetInputPortSignalFcn   000000018000b720 f   torque_controller_sfun_registry.obj
 0001:0000aab0       _ssGetInputPortBufferDstPortFcn 000000018000bab0 f   torque_controller_sfun_registry.obj
 0001:0000ab30       _ssGetInputPortSignalPtrsFcn 000000018000bb30 f   torque_controller_sfun_registry.obj
 0001:0000aec0       ssGetParameterTuningCompliance 000000018000bec0 f   torque_controller_sfun_registry.obj
 0001:0000af30       ssGetDTypeIdFromMxArray    000000018000bf30 f   torque_controller_sfun_registry.obj
 0001:0000b050       ssWriteRTWMx2dMatParam     000000018000c050 f   torque_controller_sfun_registry.obj
 0001:0000b0e0       ssWriteRTWMxVectParam      000000018000c0e0 f   torque_controller_sfun_registry.obj
 0001:0000b160       ssWriteRTWParameters       000000018000c160 f   torque_controller_sfun_registry.obj
 0001:0000b720       ssWriteRTWParamSettings    000000018000c720 f   torque_controller_sfun_registry.obj
 0001:0000be10       ssWriteRTWStr              000000018000ce10 f   torque_controller_sfun_registry.obj
 0001:0000be70       ssWriteRTWWorkVect         000000018000ce70 f   torque_controller_sfun_registry.obj
 0001:0000c3d0       ssWarning                  000000018000d3d0 f   torque_controller_sfun_registry.obj
 0001:0000c4c0       ssWriteRTWNameValuePair    000000018000d4c0 f   torque_controller_sfun_registry.obj
 0001:0000c9c0       _ssSetInputPortMatrixDimensions 000000018000d9c0 f   torque_controller_sfun_registry.obj
 0001:0000cae0       _ssSetOutputPortMatrixDimensions 000000018000dae0 f   torque_controller_sfun_registry.obj
 0001:0000cc00       _ssSetInputPortVectorDimension 000000018000dc00 f   torque_controller_sfun_registry.obj
 0001:0000ccb0       _ssSetOutputPortVectorDimension 000000018000dcb0 f   torque_controller_sfun_registry.obj
 0001:0000cd60       ssIsRunTimeParamTunable    000000018000dd60 f   torque_controller_sfun_registry.obj
 0001:0000cdd0       ssGetSFuncBlockHandle      000000018000ddd0 f   torque_controller_sfun_registry.obj
 0001:0000ce40       _ssGetCurrentInputPortWidth 000000018000de40 f   torque_controller_sfun_registry.obj
 0001:0000cf60       _ssGetCurrentOutputPortWidth 000000018000df60 f   torque_controller_sfun_registry.obj
 0001:0000d080       _ssGetCallSystemNumFcnCallDestinations 000000018000e080 f   torque_controller_sfun_registry.obj
 0001:0000d0f0       ssGetIsZeroCrossControlDisabled 000000018000e0f0 f   torque_controller_sfun_registry.obj
 0001:0000d160       ssSetIsInputPortUsedForContZcSignal 000000018000e160 f   torque_controller_sfun_registry.obj
 0001:0000d1d0       ssSetZcSignalIsZcElementDisc 000000018000e1d0 f   torque_controller_sfun_registry.obj
 0001:0000d280       ssSetZcSignalName          000000018000e280 f   torque_controller_sfun_registry.obj
 0001:0000d2f0       ssSetZcSignalWidth         000000018000e2f0 f   torque_controller_sfun_registry.obj
 0001:0000d360       ssSetZcSignalZcEventType   000000018000e360 f   torque_controller_sfun_registry.obj
 0001:0000d3d0       ssSetZcSignalType          000000018000e3d0 f   torque_controller_sfun_registry.obj
 0001:0000d440       ssSetZcSignalZcTol         000000018000e440 f   torque_controller_sfun_registry.obj
 0001:0000d4b0       ssSetZcSignalNeedsEventNotification 000000018000e4b0 f   torque_controller_sfun_registry.obj
 0001:0000d520       ssCreateAndAddZcSignalInfo 000000018000e520 f   torque_controller_sfun_registry.obj
 0001:0000d590       ssCloneAndAddZcSignalInfo  000000018000e590 f   torque_controller_sfun_registry.obj
 0001:0000d600       ssGetNumZcSignals          000000018000e600 f   torque_controller_sfun_registry.obj
 0001:0000d670       ssGetZcSignalVector        000000018000e670 f   torque_controller_sfun_registry.obj
 0001:0000d6e0       ssGetZcSignalName          000000018000e6e0 f   torque_controller_sfun_registry.obj
 0001:0000d750       ssGetZcSignalWidth         000000018000e750 f   torque_controller_sfun_registry.obj
 0001:0000d7c0       ssGetZcSignalZcEventType   000000018000e7c0 f   torque_controller_sfun_registry.obj
 0001:0000d830       ssGetZcSignalZcEvents      000000018000e830 f   torque_controller_sfun_registry.obj
 0001:0000d8a0       ssGetZcSignalType          000000018000e8a0 f   torque_controller_sfun_registry.obj
 0001:0000d910       ssGetZcSignalZcTol         000000018000e910 f   torque_controller_sfun_registry.obj
 0001:0000d990       ssGetZcSignalNeedsEventNotification 000000018000e990 f   torque_controller_sfun_registry.obj
 0001:0000da00       ssGetZcSignalIsZcElementDisc 000000018000ea00 f   torque_controller_sfun_registry.obj
 0001:0000daa0       ssGetIsInputPortElementContinuous 000000018000eaa0 f   torque_controller_sfun_registry.obj
 0001:0000db40       _ssGetAbsTol               000000018000eb40 f   torque_controller_sfun_registry.obj
 0001:0000dbb0       _ssSetStateAbsTol          000000018000ebb0 f   torque_controller_sfun_registry.obj
 0001:0000dc90       _ssSetInputPortReusableFcn 000000018000ec90 f   torque_controller_sfun_registry.obj
 0001:0000dd90       _ssSetOutputPortReusableFcn 000000018000ed90 f   torque_controller_sfun_registry.obj
 0001:0000de90       _ssSetSymbolicDimsSupport  000000018000ee90 f   torque_controller_sfun_registry.obj
 0001:0000df00       _ssRegisterSymbolicDimsExpr 000000018000ef00 f   torque_controller_sfun_registry.obj
 0001:0000df80       _ssRegisterSymbolicDims    000000018000ef80 f   torque_controller_sfun_registry.obj
 0001:0000e020       _ssRegisterSymbolicDimsString 000000018000f020 f   torque_controller_sfun_registry.obj
 0001:0000e0a0       _ssRegisterSymbolicDimsIntValue 000000018000f0a0 f   torque_controller_sfun_registry.obj
 0001:0000e110       _ssRegisterSymbolicDimsPlus 000000018000f110 f   torque_controller_sfun_registry.obj
 0001:0000e190       _ssRegisterSymbolicDimsMinus 000000018000f190 f   torque_controller_sfun_registry.obj
 0001:0000e210       _ssRegisterSymbolicDimsMultiply 000000018000f210 f   torque_controller_sfun_registry.obj
 0001:0000e290       _ssRegisterSymbolicDimsDivide 000000018000f290 f   torque_controller_sfun_registry.obj
 0001:0000e310       _ssGetNumSymbolicDims      000000018000f310 f   torque_controller_sfun_registry.obj
 0001:0000e380       _ssGetSymbolicDim          000000018000f380 f   torque_controller_sfun_registry.obj
 0001:0000e400       _ssSetInputPortSymbolicDimsId 000000018000f400 f   torque_controller_sfun_registry.obj
 0001:0000e470       _ssGetCompInputPortSymbolicDimsId 000000018000f470 f   torque_controller_sfun_registry.obj
 0001:0000e4e0       _ssSetCompInputPortSymbolicDimsId 000000018000f4e0 f   torque_controller_sfun_registry.obj
 0001:0000e550       _ssSetOutputPortSymbolicDimsId 000000018000f550 f   torque_controller_sfun_registry.obj
 0001:0000e5c0       _ssGetCompOutputPortSymbolicDimsId 000000018000f5c0 f   torque_controller_sfun_registry.obj
 0001:0000e630       _ssSetCompOutputPortSymbolicDimsId 000000018000f630 f   torque_controller_sfun_registry.obj
 0001:0000e6a0       _ssSetCompDWorkSymbolicDimsId 000000018000f6a0 f   torque_controller_sfun_registry.obj
 0001:0000e710       sf_process_check_sum_call  000000018000f710 f   torque_controller_sfun_registry.obj
 0001:0000e760       sf_process_autoinheritance_call 000000018000f760 f   torque_controller_sfun_registry.obj
 0001:0000e990       sf_process_get_third_party_uses_info_call 000000018000f990 f   torque_controller_sfun_registry.obj
 0001:0000ebc0       sf_process_get_jit_fallback_info_call 000000018000fbc0 f   torque_controller_sfun_registry.obj
 0001:0000edf0       sf_process_get_updateBuildInfo_args_info_call 000000018000fdf0 f   torque_controller_sfun_registry.obj
 0001:0000f020       sf_process_get_eml_resolved_functions_info_call 0000000180010020 f   torque_controller_sfun_registry.obj
 0001:0000f250       sf_mex_unlock_call         0000000180010250 f   torque_controller_sfun_registry.obj
 0001:0000f4f0       sf_machine_global_initializer_called 00000001800104f0 f   torque_controller_sfun_registry.obj
 0001:0000f520       sf_machine_global_method_dispatcher 0000000180010520 f   torque_controller_sfun_registry.obj
 0001:0000f580       sf_machine_global_terminator 0000000180010580 f   torque_controller_sfun_registry.obj
 0001:0000f5e0       sf_register_machine_exported_symbols 00000001800105e0 f   torque_controller_sfun_registry.obj
 0001:0000f600       callCustomFcn              0000000180010600 f   torque_controller_sfun_registry.obj
 0001:0000f610       sf_machine_global_initializer 0000000180010610 f   torque_controller_sfun_registry.obj
 0001:0000f690       mdlGetSimState             0000000180010690 f   torque_controller_sfun_registry.obj
 0001:0000f6d0       mdlSetSimState             00000001800106d0 f   torque_controller_sfun_registry.obj
 0001:0000ff40       ProcessMexSfunctionEveryCall 0000000180010f40 f   torque_controller_sfun_registry.obj
 0001:00011050       __local_stdio_printf_options 0000000180012050 f i torque_controller_sfun_registry.obj
 0001:00011060       _vsnprintf_l               0000000180012060 f i torque_controller_sfun_registry.obj
 0001:000110e0       _vsprintf_l                00000001800120e0 f i torque_controller_sfun_registry.obj
 0001:00011130       sprintf                    0000000180012130 f i torque_controller_sfun_registry.obj
 0001:00011180       mexfilerequiredapiversion  0000000180012180 f   c_mexapi_version.obj
 0001:000111a1       sf_load_rtw_optimization_info 00000001800121a1 f   sf_runtime:sf_runtime.dll
 0001:000111a7       sf_debug_initialize_machine 00000001800121a7 f   sf_runtime:sf_runtime.dll
 0001:000111ad       sf_debug_set_machine_event_thresholds 00000001800121ad f   sf_runtime:sf_runtime.dll
 0001:000111b3       sf_debug_set_machine_data_thresholds 00000001800121b3 f   sf_runtime:sf_runtime.dll
 0001:000111b9       sf_init_ChartRunTimeInfo   00000001800121b9 f   sf_runtime:sf_runtime.dll
 0001:000111bf       sf_free_ChartRunTimeInfo   00000001800121bf f   sf_runtime:sf_runtime.dll
 0001:000111c5       sfrtGetEmlrtCtx            00000001800121c5 f   sf_runtime:sf_runtime.dll
 0001:000111cb       sf_get_chart_instance_ptr  00000001800121cb f   sf_runtime:sf_runtime.dll
 0001:000111d1       sf_rtw_info_uint_prop      00000001800121d1 f   sf_runtime:sf_runtime.dll
 0001:000111d7       sf_update_buildInfo        00000001800121d7 f   sf_runtime:sf_runtime.dll
 0001:000111dd       sf_is_chart_inlinable      00000001800121dd f   sf_runtime:sf_runtime.dll
 0001:000111e3       sf_mark_chart_reusable_outputs 00000001800121e3 f   sf_runtime:sf_runtime.dll
 0001:000111e9       sim_mode_is_rtw_gen        00000001800121e9 f   sf_runtime:sf_runtime.dll
 0001:000111ef       sim_mode_is_external       00000001800121ef f   sf_runtime:sf_runtime.dll
 0001:000111f5       sim_mode_is_modelref_sim   00000001800121f5 f   sf_runtime:sf_runtime.dll
 0001:000111fb       sf_clear_rtw_identifier    00000001800121fb f   sf_runtime:sf_runtime.dll
 0001:00011201       sf_set_rtw_dwork_info      0000000180012201 f   sf_runtime:sf_runtime.dll
 0001:00011207       sf_get_time                0000000180012207 f   sf_runtime:sf_runtime.dll
 0001:0001120d       sf_is_first_init_cond      000000018001220d f   sf_runtime:sf_runtime.dll
 0001:00011213       setLegacyDebuggerFlagForRuntime 0000000180012213 f   sf_runtime:sf_runtime.dll
 0001:00011219       sf_set_chart_accesses_machine_info 0000000180012219 f   sf_runtime:sf_runtime.dll
 0001:0001121f       sf_register_codegen_names_for_scoped_functions_defined_by_chart 000000018001221f f   sf_runtime:sf_runtime.dll
 0001:00011225       sf_error_out_about_continuous_sample_time_with_persistent_vars 0000000180012225 f   sf_runtime:sf_runtime.dll
 0001:0001122b       ssSetBlockIsPurelyCombinatorial_wrapper 000000018001222b f   sf_runtime:sf_runtime.dll
 0001:00011231       sfListenerCacheSimStruct   0000000180012231 f   sf_runtime:sf_runtime.dll
 0001:00011237       sfListenerLightTerminate   0000000180012237 f   sf_runtime:sf_runtime.dll
 0001:0001123d       sf_mex_printf              000000018001223d f   sf_runtime:sf_runtime.dll
 0001:00011243       sf_mex_call_debug          0000000180012243 f   sf_runtime:sf_runtime.dll
 0001:00011249       sf_mex_error_message       0000000180012249 f   sf_runtime:sf_runtime.dll
 0001:0001124f       sf_mex_getfield            000000018001224f f   sf_runtime:sf_runtime.dll
 0001:00011255       sf_mex_setfieldbynum       0000000180012255 f   sf_runtime:sf_runtime.dll
 0001:0001125b       sf_mex_check_struct        000000018001225b f   sf_runtime:sf_runtime.dll
 0001:00011261       sf_mex_createstruct        0000000180012261 f   sf_runtime:sf_runtime.dll
 0001:00011267       sf_mex_create              0000000180012267 f   sf_runtime:sf_runtime.dll
 0001:0001126d       sf_mex_createcellmatrix    000000018001226d f   sf_runtime:sf_runtime.dll
 0001:00011273       sf_mex_setcell             0000000180012273 f   sf_runtime:sf_runtime.dll
 0001:00011279       sf_mex_getcell             0000000180012279 f   sf_runtime:sf_runtime.dll
 0001:0001127f       sf_mex_assign              000000018001227f f   sf_runtime:sf_runtime.dll
 0001:00011285       sf_mex_dup                 0000000180012285 f   sf_runtime:sf_runtime.dll
 0001:0001128b       sf_mex_destroy             000000018001228b f   sf_runtime:sf_runtime.dll
 0001:00011291       sf_mex_import              0000000180012291 f   sf_runtime:sf_runtime.dll
 0001:00011297       sf_mex_decode_encoded_mx_struct_array 0000000180012297 f   sf_runtime:sf_runtime.dll
 0001:0001129d       ssGetOutputPortSignal_wrapper 000000018001229d f   sf_runtime:sf_runtime.dll
 0001:000112a3       sf_debug_initialize_chart  00000001800122a3 f   sf_runtime:sf_runtime.dll
 0001:000112a9       sf_debug_call              00000001800122a9 f   sf_runtime:sf_runtime.dll
 0001:000112af       eml_debug_line_call        00000001800122af f   sf_runtime:sf_runtime.dll
 0001:000112b5       cv_eml_eval                00000001800122b5 f   sf_runtime:sf_runtime.dll
 0001:000112bb       cv_eval_relational         00000001800122bb f   sf_runtime:sf_runtime.dll
 0001:000112c1       cv_eml_init_script         00000001800122c1 f   sf_runtime:sf_runtime.dll
 0001:000112c7       cv_eml_init_fcn            00000001800122c7 f   sf_runtime:sf_runtime.dll
 0001:000112cd       cv_eml_init_if             00000001800122cd f   sf_runtime:sf_runtime.dll
 0001:000112d3       cv_eml_init_relational     00000001800122d3 f   sf_runtime:sf_runtime.dll
 0001:000112d9       sf_debug_reset_current_state_configuration 00000001800122d9 f   sf_runtime:sf_runtime.dll
 0001:000112df       sf_debug_set_chart_data_props 00000001800122df f   sf_runtime:sf_runtime.dll
 0001:000112e5       sf_debug_set_chart_data_compiled_props 00000001800122e5 f   sf_runtime:sf_runtime.dll
 0001:000112eb       sf_debug_symbol_scope_push 00000001800122eb f   sf_runtime:sf_runtime.dll
 0001:000112f1       sf_debug_symbol_scope_push_eml 00000001800122f1 f   sf_runtime:sf_runtime.dll
 0001:000112f7       sf_debug_symbol_scope_pop  00000001800122f7 f   sf_runtime:sf_runtime.dll
 0001:000112fd       sf_debug_symbol_scope_add_eml_importable 00000001800122fd f   sf_runtime:sf_runtime.dll
 0001:00011303       sf_debug_set_instance_data_value_ptr 0000000180012303 f   sf_runtime:sf_runtime.dll
 0001:00011309       sf_debug_set_chart_disable_implicit_casting 0000000180012309 f   sf_runtime:sf_runtime.dll
 0001:0001130f       sf_debug_set_chart_event_thresholds 000000018001230f f   sf_runtime:sf_runtime.dll
 0001:00011315       sf_debug_set_chart_state_info 0000000180012315 f   sf_runtime:sf_runtime.dll
 0001:0001131b       sf_debug_set_chart_decomposition 000000018001231b f   sf_runtime:sf_runtime.dll
 0001:00011321       sf_debug_set_chart_substate_count 0000000180012321 f   sf_runtime:sf_runtime.dll
 0001:00011327       sf_debug_data_range_wrapper 0000000180012327 f   sf_runtime:sf_runtime.dll
 0001:0001132d       sf_debug_cv_init_trans     000000018001232d f   sf_runtime:sf_runtime.dll
 0001:00011333       sf_debug_cv_init_chart     0000000180012333 f   sf_runtime:sf_runtime.dll
 0001:00011339       sf_debug_cv_init_state     0000000180012339 f   sf_runtime:sf_runtime.dll
 0001:0001133f       sf_debug_overflow_detection 000000018001233f f   sf_runtime:sf_runtime.dll
 0001:00011345       sf_get_ChartInfoStruct_CodeGen 0000000180012345 f   sf_runtime:sf_runtime.dll
 0001:0001134b       sf_get_hasSeparateUpdateOutputs 000000018001234b f   sf_runtime:sf_runtime.dll
 0001:00011351       callMdlMethodAndReportError 0000000180012351 f   sf_runtime:sf_runtime.dll
 0001:00011357       call_sf_machine_global_method_dispatcher 0000000180012357 f   sf_runtime:sf_runtime.dll
 0001:0001135d       getRuntimeInstanceInfoAsVoid 000000018001235d f   sf_runtime:sf_runtime.dll
 0001:00011363       sf_mex_error_direct_call   0000000180012363 f   sf_runtime:sf_runtime.dll
 0001:00011369       sf_clear_error_manager_info 0000000180012369 f   sf_runtime:sf_runtime.dll
 0001:0001136f       sf_debug_create_debug_instance_struct 000000018001236f f   sf_runtime:sf_runtime.dll
 0001:00011375       sf_debug_terminate         0000000180012375 f   sf_runtime:sf_runtime.dll
 0001:0001137b       sf_debug_api               000000018001237b f   sf_runtime:sf_runtime.dll
 0001:00011381       mxIsChar                   0000000180012381 f   libmx:libmx.dll
 0001:00011387       mxGetScalar                0000000180012387 f   libmx:libmx.dll
 0001:0001138d       mxGetPr                    000000018001238d f   libmx:libmx.dll
 0001:00011393       mxDestroyArray             0000000180012393 f   libmx:libmx.dll
 0001:00011399       mxCreateDoubleMatrix_730   0000000180012399 f   libmx:libmx.dll
 0001:0001139f       mxGetString_730            000000018001239f f   libmx:libmx.dll
 0001:000113a5       mxDuplicateArray           00000001800123a5 f   libmx:libmx.dll
 0001:000113ab       mxIsEmpty                  00000001800123ab f   libmx:libmx.dll
 0001:000113b1       mxSetField_730             00000001800123b1 f   libmx:libmx.dll
 0001:000113b7       mxCreateDoubleScalar       00000001800123b7 f   libmx:libmx.dll
 0001:000113bd       mxCreateString             00000001800123bd f   libmx:libmx.dll
 0001:000113c3       mxCreateCellMatrix_730     00000001800123c3 f   libmx:libmx.dll
 0001:000113c9       mxCreateCellArray_730      00000001800123c9 f   libmx:libmx.dll
 0001:000113cf       mxCreateStructMatrix_730   00000001800123cf f   libmx:libmx.dll
 0001:000113d5       mxCreateStructArray_730    00000001800123d5 f   libmx:libmx.dll
 0001:000113db       mxGetNaN                   00000001800123db f   libmx:libmx.dll
 0001:000113e1       mxCalloc                   00000001800123e1 f   libmx:libmx.dll
 0001:000113e7       mxGetM                     00000001800123e7 f   libmx:libmx.dll
 0001:000113ed       mxGetClassID               00000001800123ed f   libmx:libmx.dll
 0001:000113f3       mxIsNumeric                00000001800123f3 f   libmx:libmx.dll
 0001:000113f9       mxIsComplex                00000001800123f9 f   libmx:libmx.dll
 0001:000113ff       mxGetN                     00000001800123ff f   libmx:libmx.dll
 0001:00011405       mexMakeArrayPersistent     0000000180012405 f   libmex:libmex.dll
 0001:0001140b       mexErrMsgTxt               000000018001240b f   libmex:libmex.dll
 0001:00011411       mexWarnMsgTxt              0000000180012411 f   libmex:libmex.dll
 0001:00011417       mexCallMATLABWithObject    0000000180012417 f   libmex:libmex.dll
 0001:0001141d       mexLock                    000000018001241d f   libmex:libmex.dll
 0001:00011423       mexUnlock                  0000000180012423 f   libmex:libmex.dll
 0001:00011429       mexIsLocked                0000000180012429 f   libmex:libmex.dll
 0001:0001142f       utMalloc                   000000018001242f f   libut:libut.dll
 0001:00011435       utFree                     0000000180012435 f   libut:libut.dll
 0001:0001143b       muDoubleScalarCeil         000000018001243b f   libmwmathutil:libmwmathutil.dll
 0001:00011441       muDoubleScalarFloor        0000000180012441 f   libmwmathutil:libmwmathutil.dll
 0001:00011447       muDoubleScalarRound        0000000180012447 f   libmwmathutil:libmwmathutil.dll
 0001:0001144d       muDoubleScalarRem          000000018001244d f   libmwmathutil:libmwmathutil.dll
 0001:00011453       muDoubleScalarIsNaN        0000000180012453 f   libmwmathutil:libmwmathutil.dll
 0001:00011459       muDoubleScalarIsInf        0000000180012459 f   libmwmathutil:libmwmathutil.dll
 0001:0001145f       slcovUploadCoverageSynthesisById 000000018001245f f   libmwsl_sfcn_cov_bridge:libmwsl_sfcn_cov_bridge.dll
 0001:00011468       __raise_securityfailure    0000000180012468 f   MSVCRT:gs_report.obj
 0001:0001149c       __report_gsfailure         000000018001249c f   MSVCRT:gs_report.obj
 0001:00011570       __report_rangecheckfailure 0000000180012570 f   MSVCRT:gs_report.obj
 0001:00011584       __report_securityfailure   0000000180012584 f   MSVCRT:gs_report.obj
 0001:00011620       __report_securityfailureEx 0000000180012620 f   MSVCRT:gs_report.obj
 0001:00011814       __GSHandlerCheck           0000000180012814 f   MSVCRT:gshandler.obj
 0001:00011834       __GSHandlerCheckCommon     0000000180012834 f   MSVCRT:gshandler.obj
 0001:000118a0       __security_check_cookie    00000001800128a0 f   MSVCRT:amdsecgs.obj
 0001:000118e0       __chkstk                   00000001800128e0 f   MSVCRT:chkstk.obj
 0001:000118e0       _alloca_probe              00000001800128e0 f   MSVCRT:chkstk.obj
 0001:00011c80       _CRT_INIT                  0000000180012c80 f   MSVCRT:dll_dllmain.obj
 0001:00011c88       _DllMainCRTStartup         0000000180012c88 f   MSVCRT:dll_dllmain.obj
 0001:00011d34       __security_init_cookie     0000000180012d34 f   MSVCRT:gs_support.obj
 0001:00011de0       DllMain                    0000000180012de0 f   MSVCRT:dll_dllmain_stub.obj
 0001:00011e04       ?__scrt_initialize_type_info@@YAXXZ 0000000180012e04 f   MSVCRT:tncleanup.obj
 0001:00011e14       ?__scrt_uninitialize_type_info@@YAXXZ 0000000180012e14 f   MSVCRT:tncleanup.obj
 0001:00011e20       __local_stdio_scanf_options 0000000180012e20 f i MSVCRT:default_local_stdio_options.obj
 0001:00011e28       __scrt_initialize_default_local_stdio_options 0000000180012e28 f   MSVCRT:default_local_stdio_options.obj
 0001:00011e44       ??$__crt_fast_decode_pointer@PEAP6AXXZ@@YAPEAP6AXXZQEAP6AXXZ@Z 0000000180012e44 f i MSVCRT:utility.obj
 0001:00011e5c       ??$__crt_fast_encode_pointer@PEAP6AXXZ@@YAPEAP6AXXZQEAP6AXXZ@Z 0000000180012e5c f i MSVCRT:utility.obj
 0001:00011e7c       ?__crt_rotate_pointer_value@@YA_K_KH@Z 0000000180012e7c f i MSVCRT:utility.obj
 0001:00011e88       ?configure_argv@__scrt_narrow_argv_policy@@SAHXZ 0000000180012e88 f i MSVCRT:utility.obj
 0001:00011ee8       ?initialize_environment@__scrt_narrow_environment_policy@@SAHXZ 0000000180012ee8 f i MSVCRT:utility.obj
 0001:00011f20       NtCurrentTeb               0000000180012f20 f i MSVCRT:utility.obj
 0001:00011f2c       __scrt_acquire_startup_lock 0000000180012f2c f   MSVCRT:utility.obj
 0001:00011f68       __scrt_dllmain_after_initialize_c 0000000180012f68 f   MSVCRT:utility.obj
 0001:00011f9c       __scrt_dllmain_before_initialize_c 0000000180012f9c f   MSVCRT:utility.obj
 0001:00011fb4       __scrt_dllmain_crt_thread_attach 0000000180012fb4 f   MSVCRT:utility.obj
 0001:00011fdc       __scrt_dllmain_crt_thread_detach 0000000180012fdc f   MSVCRT:utility.obj
 0001:00011ff4       __scrt_dllmain_exception_filter 0000000180012ff4 f   MSVCRT:utility.obj
 0001:00012054       __scrt_dllmain_uninitialize_c 0000000180013054 f   MSVCRT:utility.obj
 0001:00012084       __scrt_dllmain_uninitialize_critical 0000000180013084 f   MSVCRT:utility.obj
 0001:00012098       __scrt_initialize_crt      0000000180013098 f   MSVCRT:utility.obj
 0001:000120e4       __scrt_initialize_onexit_tables 00000001800130e4 f   MSVCRT:utility.obj
 0001:000121bc       __scrt_is_nonwritable_in_current_image 00000001800131bc f   MSVCRT:utility.obj
 0001:00012258       __scrt_release_startup_lock 0000000180013258 f   MSVCRT:utility.obj
 0001:0001227c       __scrt_uninitialize_crt    000000018001327c f   MSVCRT:utility.obj
 0001:000122a8       _onexit                    00000001800132a8 f   MSVCRT:utility.obj
 0001:000122f8       at_quick_exit              00000001800132f8 f   MSVCRT:utility.obj
 0001:00012330       atexit                     0000000180013330 f   MSVCRT:utility.obj
 0001:00012348       __scrt_get_dyn_tls_init_callback 0000000180013348 f   MSVCRT:dyn_tls_init.obj
 0001:00012350       __crt_debugger_hook        0000000180013350 f   MSVCRT:utility_desktop.obj
 0001:00012358       __scrt_fastfail            0000000180013358 f   MSVCRT:utility_desktop.obj
 0001:000124a4       __scrt_get_show_window_mode 00000001800134a4 f   MSVCRT:utility_desktop.obj
 0001:000124e0       __scrt_initialize_mta      00000001800134e0 f   MSVCRT:utility_desktop.obj
 0001:000124e8       __scrt_initialize_winrt    00000001800134e8 f   MSVCRT:utility_desktop.obj
 0001:000124ec       __scrt_is_managed_app      00000001800134ec f   MSVCRT:utility_desktop.obj
 0001:00012540       __scrt_set_unhandled_exception_filter 0000000180013540 f   MSVCRT:utility_desktop.obj
 0001:00012550       __scrt_stub_for_initialize_mta 0000000180013550 f   MSVCRT:utility_desktop.obj
 0001:00012550       __scrt_exe_initialize_mta  0000000180013550 f   MSVCRT:utility_desktop.obj
 0001:00012554       __scrt_unhandled_exception_filter 0000000180013554 f   MSVCRT:utility_desktop.obj
 0001:0001258c       _RTC_Initialize            000000018001358c f   MSVCRT:initsect.obj
 0001:000125c8       _RTC_Terminate             00000001800135c8 f   MSVCRT:initsect.obj
 0001:00012604       _guard_check_icall_nop     0000000180013604 f i MSVCRT:guard_support.obj
 0001:00012608       ReadNoFence64              0000000180013608 f i MSVCRT:guard_support.obj
 0001:0001260c       ReadPointerNoFence         000000018001360c f i MSVCRT:guard_support.obj
 0001:00012610       _guard_icall_checks_enforced 0000000180013610 f i MSVCRT:guard_support.obj
 0001:00012628       _guard_rf_checks_enforced  0000000180013628 f i MSVCRT:guard_support.obj
 0001:0001262c       __isa_available_init       000000018001362c f   MSVCRT:cpu_disp.obj
 0001:000127e8       _get_startup_argv_mode     00000001800137e8 f   MSVCRT:argv_mode.obj
 0001:000127f0       __scrt_is_ucrt_dll_in_use  00000001800137f0 f   MSVCRT:ucrt_detection.obj
 0001:00012800       RtlCaptureContext          0000000180013800 f   kernel32:KERNEL32.dll
 0001:00012806       RtlLookupFunctionEntry     0000000180013806 f   kernel32:KERNEL32.dll
 0001:0001280c       RtlVirtualUnwind           000000018001380c f   kernel32:KERNEL32.dll
 0001:00012812       UnhandledExceptionFilter   0000000180013812 f   kernel32:KERNEL32.dll
 0001:00012818       SetUnhandledExceptionFilter 0000000180013818 f   kernel32:KERNEL32.dll
 0001:0001281e       GetCurrentProcess          000000018001381e f   kernel32:KERNEL32.dll
 0001:00012824       TerminateProcess           0000000180013824 f   kernel32:KERNEL32.dll
 0001:0001282a       IsProcessorFeaturePresent  000000018001382a f   kernel32:KERNEL32.dll
 0001:00012830       QueryPerformanceCounter    0000000180013830 f   kernel32:KERNEL32.dll
 0001:00012836       GetCurrentProcessId        0000000180013836 f   kernel32:KERNEL32.dll
 0001:0001283c       GetCurrentThreadId         000000018001383c f   kernel32:KERNEL32.dll
 0001:00012842       GetSystemTimeAsFileTime    0000000180013842 f   kernel32:KERNEL32.dll
 0001:00012848       DisableThreadLibraryCalls  0000000180013848 f   kernel32:KERNEL32.dll
 0001:0001284e       InitializeSListHead        000000018001384e f   kernel32:KERNEL32.dll
 0001:00012854       IsDebuggerPresent          0000000180013854 f   kernel32:KERNEL32.dll
 0001:0001285a       GetStartupInfoW            000000018001385a f   kernel32:KERNEL32.dll
 0001:00012860       GetModuleHandleW           0000000180013860 f   kernel32:KERNEL32.dll
 0001:00012866       memset                     0000000180013866 f   vcruntime:VCRUNTIME140.dll
 0001:0001286c       memcpy                     000000018001386c f   vcruntime:VCRUNTIME140.dll
 0001:00012872       __C_specific_handler       0000000180013872 f   vcruntime:VCRUNTIME140.dll
 0001:00012878       __std_type_info_destroy_list 0000000180013878 f   vcruntime:VCRUNTIME140.dll
 0001:0001287e       strcmp                     000000018001387e f   ucrt:api-ms-win-crt-string-l1-1-0.dll
 0001:00012884       _localtime64               0000000180013884 f   ucrt:api-ms-win-crt-time-l1-1-0.dll
 0001:0001288a       _time64                    000000018001388a f   ucrt:api-ms-win-crt-time-l1-1-0.dll
 0001:00012890       __stdio_common_vsprintf    0000000180013890 f   ucrt:api-ms-win-crt-stdio-l1-1-0.dll
 0001:00012896       free                       0000000180013896 f   ucrt:api-ms-win-crt-heap-l1-1-0.dll
 0001:0001289c       malloc                     000000018001389c f   ucrt:api-ms-win-crt-heap-l1-1-0.dll
 0001:000128a2       strlen                     00000001800138a2 f   ucrt:api-ms-win-crt-string-l1-1-0.dll
 0001:000128a8       _initterm                  00000001800138a8 f   ucrt:api-ms-win-crt-runtime-l1-1-0.dll
 0001:000128ae       _initterm_e                00000001800138ae f   ucrt:api-ms-win-crt-runtime-l1-1-0.dll
 0001:000128b4       _seh_filter_dll            00000001800138b4 f   ucrt:api-ms-win-crt-runtime-l1-1-0.dll
 0001:000128ba       _configure_narrow_argv     00000001800138ba f   ucrt:api-ms-win-crt-runtime-l1-1-0.dll
 0001:000128c0       _initialize_narrow_environment 00000001800138c0 f   ucrt:api-ms-win-crt-runtime-l1-1-0.dll
 0001:000128c6       _initialize_onexit_table   00000001800138c6 f   ucrt:api-ms-win-crt-runtime-l1-1-0.dll
 0001:000128cc       _register_onexit_function  00000001800138cc f   ucrt:api-ms-win-crt-runtime-l1-1-0.dll
 0001:000128d2       _execute_onexit_table      00000001800138d2 f   ucrt:api-ms-win-crt-runtime-l1-1-0.dll
 0001:000128d8       _crt_atexit                00000001800138d8 f   ucrt:api-ms-win-crt-runtime-l1-1-0.dll
 0001:000128de       _crt_at_quick_exit         00000001800138de f   ucrt:api-ms-win-crt-runtime-l1-1-0.dll
 0001:000128e4       _cexit                     00000001800138e4 f   ucrt:api-ms-win-crt-runtime-l1-1-0.dll
 0001:000128ea       terminate                  00000001800138ea f   ucrt:api-ms-win-crt-runtime-l1-1-0.dll
 0001:000128f0       __scrt_stub_for_acrt_initialize 00000001800138f0 f   MSVCRT:ucrt_stubs.obj
 0001:000128f0       __acrt_initialize          00000001800138f0 f   MSVCRT:ucrt_stubs.obj
 0001:000128f0       __vcrt_initialize          00000001800138f0 f   MSVCRT:ucrt_stubs.obj
 0001:000128f4       __vcrt_thread_attach       00000001800138f4 f   MSVCRT:ucrt_stubs.obj
 0001:000128f4       __scrt_stub_for_acrt_thread_attach 00000001800138f4 f   MSVCRT:ucrt_stubs.obj
 0001:000128f4       __acrt_thread_attach       00000001800138f4 f   MSVCRT:ucrt_stubs.obj
 0001:000128f8       __vcrt_thread_detach       00000001800138f8 f   MSVCRT:ucrt_stubs.obj
 0001:000128f8       __acrt_thread_detach       00000001800138f8 f   MSVCRT:ucrt_stubs.obj
 0001:000128f8       __scrt_stub_for_acrt_thread_detach 00000001800138f8 f   MSVCRT:ucrt_stubs.obj
 0001:000128fc       __scrt_stub_for_acrt_uninitialize 00000001800138fc f   MSVCRT:ucrt_stubs.obj
 0001:000128fc       __acrt_uninitialize        00000001800138fc f   MSVCRT:ucrt_stubs.obj
 0001:000128fc       __vcrt_uninitialize        00000001800138fc f   MSVCRT:ucrt_stubs.obj
 0001:00012900       __vcrt_uninitialize_critical 0000000180013900 f   MSVCRT:ucrt_stubs.obj
 0001:00012900       __acrt_uninitialize_critical 0000000180013900 f   MSVCRT:ucrt_stubs.obj
 0001:00012900       __scrt_stub_for_acrt_uninitialize_critical 0000000180013900 f   MSVCRT:ucrt_stubs.obj
 0001:00012904       _is_c_termination_complete 0000000180013904 f   MSVCRT:ucrt_stubs.obj
 0001:00012904       __scrt_stub_for_is_c_termination_complete 0000000180013904 f   MSVCRT:ucrt_stubs.obj
 0001:00012920       _guard_dispatch_icall_nop  0000000180013920 f   MSVCRT:guard_dispatch.obj
 0002:00000000       __imp_IsDebuggerPresent    0000000180014000     kernel32:KERNEL32.dll
 0002:00000008       __imp_GetCurrentProcessId  0000000180014008     kernel32:KERNEL32.dll
 0002:00000010       __imp_RtlCaptureContext    0000000180014010     kernel32:KERNEL32.dll
 0002:00000018       __imp_RtlLookupFunctionEntry 0000000180014018     kernel32:KERNEL32.dll
 0002:00000020       __imp_RtlVirtualUnwind     0000000180014020     kernel32:KERNEL32.dll
 0002:00000028       __imp_GetCurrentThreadId   0000000180014028     kernel32:KERNEL32.dll
 0002:00000030       __imp_GetSystemTimeAsFileTime 0000000180014030     kernel32:KERNEL32.dll
 0002:00000038       __imp_DisableThreadLibraryCalls 0000000180014038     kernel32:KERNEL32.dll
 0002:00000040       __imp_InitializeSListHead  0000000180014040     kernel32:KERNEL32.dll
 0002:00000048       __imp_GetStartupInfoW      0000000180014048     kernel32:KERNEL32.dll
 0002:00000050       __imp_GetModuleHandleW     0000000180014050     kernel32:KERNEL32.dll
 0002:00000058       __imp_IsProcessorFeaturePresent 0000000180014058     kernel32:KERNEL32.dll
 0002:00000060       __imp_TerminateProcess     0000000180014060     kernel32:KERNEL32.dll
 0002:00000068       __imp_GetCurrentProcess    0000000180014068     kernel32:KERNEL32.dll
 0002:00000070       __imp_SetUnhandledExceptionFilter 0000000180014070     kernel32:KERNEL32.dll
 0002:00000078       __imp_QueryPerformanceCounter 0000000180014078     kernel32:KERNEL32.dll
 0002:00000080       __imp_UnhandledExceptionFilter 0000000180014080     kernel32:KERNEL32.dll
 0002:00000088       \177KERNEL32_NULL_THUNK_DATA 0000000180014088     kernel32:KERNEL32.dll
 0002:00000090       __imp___C_specific_handler 0000000180014090     vcruntime:VCRUNTIME140.dll
 0002:00000098       __imp___std_type_info_destroy_list 0000000180014098     vcruntime:VCRUNTIME140.dll
 0002:000000a0       __imp_memcpy               00000001800140a0     vcruntime:VCRUNTIME140.dll
 0002:000000a8       __imp_memset               00000001800140a8     vcruntime:VCRUNTIME140.dll
 0002:000000b0       \177VCRUNTIME140_NULL_THUNK_DATA 00000001800140b0     vcruntime:VCRUNTIME140.dll
 0002:000000b8       __imp_free                 00000001800140b8     ucrt:api-ms-win-crt-heap-l1-1-0.dll
 0002:000000c0       __imp_malloc               00000001800140c0     ucrt:api-ms-win-crt-heap-l1-1-0.dll
 0002:000000c8       \177api-ms-win-crt-heap-l1-1-0_NULL_THUNK_DATA 00000001800140c8     ucrt:api-ms-win-crt-heap-l1-1-0.dll
 0002:000000d0       __imp__initialize_narrow_environment 00000001800140d0     ucrt:api-ms-win-crt-runtime-l1-1-0.dll
 0002:000000d8       __imp__configure_narrow_argv 00000001800140d8     ucrt:api-ms-win-crt-runtime-l1-1-0.dll
 0002:000000e0       __imp__seh_filter_dll      00000001800140e0     ucrt:api-ms-win-crt-runtime-l1-1-0.dll
 0002:000000e8       __imp__initterm_e          00000001800140e8     ucrt:api-ms-win-crt-runtime-l1-1-0.dll
 0002:000000f0       __imp__register_onexit_function 00000001800140f0     ucrt:api-ms-win-crt-runtime-l1-1-0.dll
 0002:000000f8       __imp__execute_onexit_table 00000001800140f8     ucrt:api-ms-win-crt-runtime-l1-1-0.dll
 0002:00000100       __imp__initterm            0000000180014100     ucrt:api-ms-win-crt-runtime-l1-1-0.dll
 0002:00000108       __imp__crt_atexit          0000000180014108     ucrt:api-ms-win-crt-runtime-l1-1-0.dll
 0002:00000110       __imp__crt_at_quick_exit   0000000180014110     ucrt:api-ms-win-crt-runtime-l1-1-0.dll
 0002:00000118       __imp__cexit               0000000180014118     ucrt:api-ms-win-crt-runtime-l1-1-0.dll
 0002:00000120       __imp_terminate            0000000180014120     ucrt:api-ms-win-crt-runtime-l1-1-0.dll
 0002:00000128       __imp__initialize_onexit_table 0000000180014128     ucrt:api-ms-win-crt-runtime-l1-1-0.dll
 0002:00000130       \177api-ms-win-crt-runtime-l1-1-0_NULL_THUNK_DATA 0000000180014130     ucrt:api-ms-win-crt-runtime-l1-1-0.dll
 0002:00000138       __imp___stdio_common_vsprintf 0000000180014138     ucrt:api-ms-win-crt-stdio-l1-1-0.dll
 0002:00000140       \177api-ms-win-crt-stdio-l1-1-0_NULL_THUNK_DATA 0000000180014140     ucrt:api-ms-win-crt-stdio-l1-1-0.dll
 0002:00000148       __imp_strlen               0000000180014148     ucrt:api-ms-win-crt-string-l1-1-0.dll
 0002:00000150       __imp_strcmp               0000000180014150     ucrt:api-ms-win-crt-string-l1-1-0.dll
 0002:00000158       \177api-ms-win-crt-string-l1-1-0_NULL_THUNK_DATA 0000000180014158     ucrt:api-ms-win-crt-string-l1-1-0.dll
 0002:00000160       __imp__time64              0000000180014160     ucrt:api-ms-win-crt-time-l1-1-0.dll
 0002:00000168       __imp__localtime64         0000000180014168     ucrt:api-ms-win-crt-time-l1-1-0.dll
 0002:00000170       \177api-ms-win-crt-time-l1-1-0_NULL_THUNK_DATA 0000000180014170     ucrt:api-ms-win-crt-time-l1-1-0.dll
 0002:00000178       __imp_mexErrMsgTxt         0000000180014178     libmex:libmex.dll
 0002:00000180       __imp_mexWarnMsgTxt        0000000180014180     libmex:libmex.dll
 0002:00000188       __imp_mexCallMATLABWithObject 0000000180014188     libmex:libmex.dll
 0002:00000190       __imp_mexLock              0000000180014190     libmex:libmex.dll
 0002:00000198       __imp_mexMakeArrayPersistent 0000000180014198     libmex:libmex.dll
 0002:000001a0       __imp_mexUnlock            00000001800141a0     libmex:libmex.dll
 0002:000001a8       __imp_mexIsLocked          00000001800141a8     libmex:libmex.dll
 0002:000001b0       \177libmex_NULL_THUNK_DATA 00000001800141b0     libmex:libmex.dll
 0002:000001b8       __imp_muDoubleScalarCeil   00000001800141b8     libmwmathutil:libmwmathutil.dll
 0002:000001c0       __imp_muDoubleScalarFloor  00000001800141c0     libmwmathutil:libmwmathutil.dll
 0002:000001c8       __imp_muDoubleScalarRound  00000001800141c8     libmwmathutil:libmwmathutil.dll
 0002:000001d0       __imp_muDoubleScalarRem    00000001800141d0     libmwmathutil:libmwmathutil.dll
 0002:000001d8       __imp_muDoubleScalarIsInf  00000001800141d8     libmwmathutil:libmwmathutil.dll
 0002:000001e0       __imp_muDoubleScalarIsNaN  00000001800141e0     libmwmathutil:libmwmathutil.dll
 0002:000001e8       \177libmwmathutil_NULL_THUNK_DATA 00000001800141e8     libmwmathutil:libmwmathutil.dll
 0002:000001f0       __imp_slcovUploadCoverageSynthesisById 00000001800141f0     libmwsl_sfcn_cov_bridge:libmwsl_sfcn_cov_bridge.dll
 0002:000001f8       \177libmwsl_sfcn_cov_bridge_NULL_THUNK_DATA 00000001800141f8     libmwsl_sfcn_cov_bridge:libmwsl_sfcn_cov_bridge.dll
 0002:00000200       __imp_mxGetN               0000000180014200     libmx:libmx.dll
 0002:00000208       __imp_mxIsComplex          0000000180014208     libmx:libmx.dll
 0002:00000210       __imp_mxIsNumeric          0000000180014210     libmx:libmx.dll
 0002:00000218       __imp_mxGetClassID         0000000180014218     libmx:libmx.dll
 0002:00000220       __imp_mxGetM               0000000180014220     libmx:libmx.dll
 0002:00000228       __imp_mxCalloc             0000000180014228     libmx:libmx.dll
 0002:00000230       __imp_mxGetNaN             0000000180014230     libmx:libmx.dll
 0002:00000238       __imp_mxCreateStructArray_730 0000000180014238     libmx:libmx.dll
 0002:00000240       __imp_mxCreateStructMatrix_730 0000000180014240     libmx:libmx.dll
 0002:00000248       __imp_mxCreateCellArray_730 0000000180014248     libmx:libmx.dll
 0002:00000250       __imp_mxCreateCellMatrix_730 0000000180014250     libmx:libmx.dll
 0002:00000258       __imp_mxCreateString       0000000180014258     libmx:libmx.dll
 0002:00000260       __imp_mxCreateDoubleScalar 0000000180014260     libmx:libmx.dll
 0002:00000268       __imp_mxSetField_730       0000000180014268     libmx:libmx.dll
 0002:00000270       __imp_mxIsEmpty            0000000180014270     libmx:libmx.dll
 0002:00000278       __imp_mxDuplicateArray     0000000180014278     libmx:libmx.dll
 0002:00000280       __imp_mxGetString_730      0000000180014280     libmx:libmx.dll
 0002:00000288       __imp_mxIsChar             0000000180014288     libmx:libmx.dll
 0002:00000290       __imp_mxGetScalar          0000000180014290     libmx:libmx.dll
 0002:00000298       __imp_mxGetPr              0000000180014298     libmx:libmx.dll
 0002:000002a0       __imp_mxDestroyArray       00000001800142a0     libmx:libmx.dll
 0002:000002a8       __imp_mxCreateDoubleMatrix_730 00000001800142a8     libmx:libmx.dll
 0002:000002b0       \177libmx_NULL_THUNK_DATA  00000001800142b0     libmx:libmx.dll
 0002:000002b8       __imp_utMalloc             00000001800142b8     libut:libut.dll
 0002:000002c0       __imp_utFree               00000001800142c0     libut:libut.dll
 0002:000002c8       \177libut_NULL_THUNK_DATA  00000001800142c8     libut:libut.dll
 0002:000002d0       __imp_sf_clear_error_manager_info 00000001800142d0     sf_runtime:sf_runtime.dll
 0002:000002d8       __imp_sf_mex_error_direct_call 00000001800142d8     sf_runtime:sf_runtime.dll
 0002:000002e0       __imp_getRuntimeInstanceInfoAsVoid 00000001800142e0     sf_runtime:sf_runtime.dll
 0002:000002e8       __imp_call_sf_machine_global_method_dispatcher 00000001800142e8     sf_runtime:sf_runtime.dll
 0002:000002f0       __imp_callMdlMethodAndReportError 00000001800142f0     sf_runtime:sf_runtime.dll
 0002:000002f8       __imp_sf_get_hasSeparateUpdateOutputs 00000001800142f8     sf_runtime:sf_runtime.dll
 0002:00000300       __imp_sf_get_ChartInfoStruct_CodeGen 0000000180014300     sf_runtime:sf_runtime.dll
 0002:00000308       __imp_sf_debug_overflow_detection 0000000180014308     sf_runtime:sf_runtime.dll
 0002:00000310       __imp_sf_debug_cv_init_state 0000000180014310     sf_runtime:sf_runtime.dll
 0002:00000318       __imp_sf_debug_cv_init_chart 0000000180014318     sf_runtime:sf_runtime.dll
 0002:00000320       __imp_sf_debug_create_debug_instance_struct 0000000180014320     sf_runtime:sf_runtime.dll
 0002:00000328       __imp_sf_debug_data_range_wrapper 0000000180014328     sf_runtime:sf_runtime.dll
 0002:00000330       __imp_sf_debug_set_chart_substate_count 0000000180014330     sf_runtime:sf_runtime.dll
 0002:00000338       __imp_sf_debug_terminate   0000000180014338     sf_runtime:sf_runtime.dll
 0002:00000340       __imp_sf_debug_set_chart_decomposition 0000000180014340     sf_runtime:sf_runtime.dll
 0002:00000348       __imp_sf_debug_set_chart_state_info 0000000180014348     sf_runtime:sf_runtime.dll
 0002:00000350       __imp_sf_debug_set_chart_event_thresholds 0000000180014350     sf_runtime:sf_runtime.dll
 0002:00000358       __imp_sf_debug_set_chart_disable_implicit_casting 0000000180014358     sf_runtime:sf_runtime.dll
 0002:00000360       __imp_sf_debug_set_instance_data_value_ptr 0000000180014360     sf_runtime:sf_runtime.dll
 0002:00000368       __imp_sf_debug_symbol_scope_add_eml_importable 0000000180014368     sf_runtime:sf_runtime.dll
 0002:00000370       __imp_sf_debug_symbol_scope_pop 0000000180014370     sf_runtime:sf_runtime.dll
 0002:00000378       __imp_sf_debug_symbol_scope_push_eml 0000000180014378     sf_runtime:sf_runtime.dll
 0002:00000380       __imp_sf_debug_api         0000000180014380     sf_runtime:sf_runtime.dll
 0002:00000388       __imp_sf_debug_cv_init_trans 0000000180014388     sf_runtime:sf_runtime.dll
 0002:00000390       __imp_ssGetOutputPortSignal_wrapper 0000000180014390     sf_runtime:sf_runtime.dll
 0002:00000398       __imp_sf_debug_symbol_scope_push 0000000180014398     sf_runtime:sf_runtime.dll
 0002:000003a0       __imp_sf_debug_set_chart_data_compiled_props 00000001800143a0     sf_runtime:sf_runtime.dll
 0002:000003a8       __imp_sf_debug_set_chart_data_props 00000001800143a8     sf_runtime:sf_runtime.dll
 0002:000003b0       __imp_sf_debug_reset_current_state_configuration 00000001800143b0     sf_runtime:sf_runtime.dll
 0002:000003b8       __imp_cv_eml_init_relational 00000001800143b8     sf_runtime:sf_runtime.dll
 0002:000003c0       __imp_cv_eml_init_if       00000001800143c0     sf_runtime:sf_runtime.dll
 0002:000003c8       __imp_cv_eml_init_fcn      00000001800143c8     sf_runtime:sf_runtime.dll
 0002:000003d0       __imp_cv_eml_init_script   00000001800143d0     sf_runtime:sf_runtime.dll
 0002:000003d8       __imp_cv_eval_relational   00000001800143d8     sf_runtime:sf_runtime.dll
 0002:000003e0       __imp_cv_eml_eval          00000001800143e0     sf_runtime:sf_runtime.dll
 0002:000003e8       __imp_eml_debug_line_call  00000001800143e8     sf_runtime:sf_runtime.dll
 0002:000003f0       __imp_sf_debug_call        00000001800143f0     sf_runtime:sf_runtime.dll
 0002:000003f8       __imp_sf_debug_initialize_chart 00000001800143f8     sf_runtime:sf_runtime.dll
 0002:00000400       __imp_sf_load_rtw_optimization_info 0000000180014400     sf_runtime:sf_runtime.dll
 0002:00000408       __imp_sf_mex_decode_encoded_mx_struct_array 0000000180014408     sf_runtime:sf_runtime.dll
 0002:00000410       __imp_sf_mex_import        0000000180014410     sf_runtime:sf_runtime.dll
 0002:00000418       __imp_sf_mex_destroy       0000000180014418     sf_runtime:sf_runtime.dll
 0002:00000420       __imp_sf_mex_dup           0000000180014420     sf_runtime:sf_runtime.dll
 0002:00000428       __imp_sf_mex_assign        0000000180014428     sf_runtime:sf_runtime.dll
 0002:00000430       __imp_sf_mex_getcell       0000000180014430     sf_runtime:sf_runtime.dll
 0002:00000438       __imp_sf_mex_setcell       0000000180014438     sf_runtime:sf_runtime.dll
 0002:00000440       __imp_sf_mex_createcellmatrix 0000000180014440     sf_runtime:sf_runtime.dll
 0002:00000448       __imp_sf_mex_create        0000000180014448     sf_runtime:sf_runtime.dll
 0002:00000450       __imp_sf_mex_createstruct  0000000180014450     sf_runtime:sf_runtime.dll
 0002:00000458       __imp_sf_mex_check_struct  0000000180014458     sf_runtime:sf_runtime.dll
 0002:00000460       __imp_sf_mex_setfieldbynum 0000000180014460     sf_runtime:sf_runtime.dll
 0002:00000468       __imp_sf_mex_getfield      0000000180014468     sf_runtime:sf_runtime.dll
 0002:00000470       __imp_sf_mex_error_message 0000000180014470     sf_runtime:sf_runtime.dll
 0002:00000478       __imp_sf_mex_call_debug    0000000180014478     sf_runtime:sf_runtime.dll
 0002:00000480       __imp_sf_mex_printf        0000000180014480     sf_runtime:sf_runtime.dll
 0002:00000488       __imp_sfListenerLightTerminate 0000000180014488     sf_runtime:sf_runtime.dll
 0002:00000490       __imp_sfListenerCacheSimStruct 0000000180014490     sf_runtime:sf_runtime.dll
 0002:00000498       __imp_ssSetBlockIsPurelyCombinatorial_wrapper 0000000180014498     sf_runtime:sf_runtime.dll
 0002:000004a0       __imp_sf_error_out_about_continuous_sample_time_with_persistent_vars 00000001800144a0     sf_runtime:sf_runtime.dll
 0002:000004a8       __imp_sf_register_codegen_names_for_scoped_functions_defined_by_chart 00000001800144a8     sf_runtime:sf_runtime.dll
 0002:000004b0       __imp_sf_set_chart_accesses_machine_info 00000001800144b0     sf_runtime:sf_runtime.dll
 0002:000004b8       __imp_setLegacyDebuggerFlagForRuntime 00000001800144b8     sf_runtime:sf_runtime.dll
 0002:000004c0       __imp_sf_is_first_init_cond 00000001800144c0     sf_runtime:sf_runtime.dll
 0002:000004c8       __imp_sf_get_time          00000001800144c8     sf_runtime:sf_runtime.dll
 0002:000004d0       __imp_sf_set_rtw_dwork_info 00000001800144d0     sf_runtime:sf_runtime.dll
 0002:000004d8       __imp_sf_clear_rtw_identifier 00000001800144d8     sf_runtime:sf_runtime.dll
 0002:000004e0       __imp_sim_mode_is_modelref_sim 00000001800144e0     sf_runtime:sf_runtime.dll
 0002:000004e8       __imp_sim_mode_is_external 00000001800144e8     sf_runtime:sf_runtime.dll
 0002:000004f0       __imp_sim_mode_is_rtw_gen  00000001800144f0     sf_runtime:sf_runtime.dll
 0002:000004f8       __imp_sf_mark_chart_reusable_outputs 00000001800144f8     sf_runtime:sf_runtime.dll
 0002:00000500       __imp_sf_is_chart_inlinable 0000000180014500     sf_runtime:sf_runtime.dll
 0002:00000508       __imp_sf_update_buildInfo  0000000180014508     sf_runtime:sf_runtime.dll
 0002:00000510       __imp_sf_rtw_info_uint_prop 0000000180014510     sf_runtime:sf_runtime.dll
 0002:00000518       __imp_sf_get_chart_instance_ptr 0000000180014518     sf_runtime:sf_runtime.dll
 0002:00000520       __imp_sfrtGetEmlrtCtx      0000000180014520     sf_runtime:sf_runtime.dll
 0002:00000528       __imp_sf_free_ChartRunTimeInfo 0000000180014528     sf_runtime:sf_runtime.dll
 0002:00000530       __imp_sf_init_ChartRunTimeInfo 0000000180014530     sf_runtime:sf_runtime.dll
 0002:00000538       __imp_sf_debug_set_machine_data_thresholds 0000000180014538     sf_runtime:sf_runtime.dll
 0002:00000540       __imp_sf_debug_set_machine_event_thresholds 0000000180014540     sf_runtime:sf_runtime.dll
 0002:00000548       __imp_sf_debug_initialize_machine 0000000180014548     sf_runtime:sf_runtime.dll
 0002:00000550       \177sf_runtime_NULL_THUNK_DATA 0000000180014550     sf_runtime:sf_runtime.dll
 0002:00000558       __guard_check_icall_fptr   0000000180014558     MSVCRT:guard_support.obj
 0002:00000560       __guard_dispatch_icall_fptr 0000000180014560     MSVCRT:guard_support.obj
 0002:00000568       __xc_a                     0000000180014568     MSVCRT:initializers.obj
 0002:00000570       __xc_z                     0000000180014570     MSVCRT:initializers.obj
 0002:00000578       __xi_a                     0000000180014578     MSVCRT:initializers.obj
 0002:00000580       __xi_z                     0000000180014580     MSVCRT:initializers.obj
 0002:00000588       __xp_a                     0000000180014588     MSVCRT:initializers.obj
 0002:00000590       __xp_z                     0000000180014590     MSVCRT:initializers.obj
 0002:00000598       __xt_a                     0000000180014598     MSVCRT:initializers.obj
 0002:000005a0       __xt_z                     00000001800145a0     MSVCRT:initializers.obj
 0002:000005b0       __real@41ce6f9024000000    00000001800145b0     torque_controller_sfun.obj
 0002:000005b8       __real@41d2bb3b34000000    00000001800145b8     torque_controller_sfun.obj
 0002:000005c0       __real@41d2e0d544000000    00000001800145c0     torque_controller_sfun.obj
 0002:000005c8       __real@41d54f8329c00000    00000001800145c8     torque_controller_sfun.obj
 0002:000005d0       __real@41d79e6d69000000    00000001800145d0     torque_controller_sfun.obj
 0002:000005d8       __real@41d7bca42e800000    00000001800145d8     torque_controller_sfun.obj
 0002:000005e0       __real@41e02056c6000000    00000001800145e0     torque_controller_sfun.obj
 0002:000005e8       __real@41e2b31387a00000    00000001800145e8     torque_controller_sfun.obj
 0002:000005f0       __real@41e2bb4b84200000    00000001800145f0     torque_controller_sfun.obj
 0002:000005f8       __real@41e4d0f859200000    00000001800145f8     torque_controller_sfun.obj
 0002:00000600       __real@41ee2e251ac00000    0000000180014600     torque_controller_sfun.obj
 0002:00000608       __real@41ef960d0ba00000    0000000180014608     torque_controller_sfun.obj
 0002:00000610       __real@0000000000000000    0000000180014610     c1_torque_controller.obj
 0002:00000618       __real@3ca0000000000000    0000000180014618     c1_torque_controller.obj
 0002:00000620       __real@3defffffffffffff    0000000180014620     c1_torque_controller.obj
 0002:00000628       __real@3e00000000200000    0000000180014628     c1_torque_controller.obj
 0002:00000630       __real@3ff0000000000000    0000000180014630     c1_torque_controller.obj
 0002:00000638       __real@4000000000000000    0000000180014638     c1_torque_controller.obj
 0002:00000640       __real@4010000000000000    0000000180014640     c1_torque_controller.obj
 0002:00000648       __real@4024000000000000    0000000180014648     c1_torque_controller.obj
 0002:00000650       __real@403f000000000000    0000000180014650     c1_torque_controller.obj
 0002:00000658       __real@404d800000000000    0000000180014658     c1_torque_controller.obj
 0002:00000660       __real@404e000000000000    0000000180014660     c1_torque_controller.obj
 0002:00000668       __real@4056800000000000    0000000180014668     c1_torque_controller.obj
 0002:00000670       __real@4059000000000000    0000000180014670     c1_torque_controller.obj
 0002:00000678       __real@405e000000000000    0000000180014678     c1_torque_controller.obj
 0002:00000680       __real@4062e00000000000    0000000180014680     c1_torque_controller.obj
 0002:00000688       __real@4066a00000000000    0000000180014688     c1_torque_controller.obj
 0002:00000690       __real@406a800000000000    0000000180014690     c1_torque_controller.obj
 0002:00000698       __real@406c800000000000    0000000180014698     c1_torque_controller.obj
 0002:000006a0       __real@406e600000000000    00000001800146a0     c1_torque_controller.obj
 0002:000006a8       __real@4071100000000000    00000001800146a8     c1_torque_controller.obj
 0002:000006b0       __real@4073000000000000    00000001800146b0     c1_torque_controller.obj
 0002:000006b8       __real@4074e00000000000    00000001800146b8     c1_torque_controller.obj
 0002:000006c0       __real@4076d00000000000    00000001800146c0     c1_torque_controller.obj
 0002:000006c8       __real@4078d00000000000    00000001800146c8     c1_torque_controller.obj
 0002:000006d0       __real@4079000000000000    00000001800146d0     c1_torque_controller.obj
 0002:000006d8       __real@4083880000000000    00000001800146d8     c1_torque_controller.obj
 0002:000006e0       __real@40ac200000000000    00000001800146e0     c1_torque_controller.obj
 0002:000006e8       __real@40f5180000000000    00000001800146e8     c1_torque_controller.obj
 0002:000006f0       __real@41607ac000000000    00000001800146f0     c1_torque_controller.obj
 0002:000006f8       __real@4190000000000000    00000001800146f8     c1_torque_controller.obj
 0002:00000700       __real@41d5dca9b8c00000    0000000180014700     c1_torque_controller.obj
 0002:00000708       __real@41db78e818400000    0000000180014708     c1_torque_controller.obj
 0002:00000710       __real@41dba65825000000    0000000180014710     c1_torque_controller.obj
 0002:00000718       __real@41dfffffffc00000    0000000180014718     c1_torque_controller.obj
 0002:00000720       __real@41ec321396000000    0000000180014720     c1_torque_controller.obj
 0002:00000728       __real@41f0000000000000    0000000180014728     c1_torque_controller.obj
 0002:00000730       __real@bff0000000000000    0000000180014730     c1_torque_controller.obj
 0002:00000738       DYNAMIC_DIMENSION_DEF      0000000180014738     torque_controller_sfun_registry.obj
 0002:00000750       __real@41602cbca0000000    0000000180014750     torque_controller_sfun_registry.obj
 0002:00000768       _pDefaultRawDllMain        0000000180014768     MSVCRT:dll_dllmain.obj
 0002:00000768       _pRawDllMain               0000000180014768     MSVCRT:dll_dllmain.obj
 0002:00000790       _load_config_used          0000000180014790     MSVCRT:loadcfg.obj
 0002:00000aa8       __rtc_iaa                  0000000180014aa8     MSVCRT:initsect.obj
 0002:00000ab0       __rtc_izz                  0000000180014ab0     MSVCRT:initsect.obj
 0002:00000ab8       __rtc_taa                  0000000180014ab8     MSVCRT:initsect.obj
 0002:00000ac0       __rtc_tzz                  0000000180014ac0     MSVCRT:initsect.obj
 0002:000014e0       __IMPORT_DESCRIPTOR_sf_runtime 00000001800154e0     sf_runtime:sf_runtime.dll
 0002:000014f4       __IMPORT_DESCRIPTOR_libmx  00000001800154f4     libmx:libmx.dll
 0002:00001508       __IMPORT_DESCRIPTOR_libmex 0000000180015508     libmex:libmex.dll
 0002:0000151c       __IMPORT_DESCRIPTOR_libut  000000018001551c     libut:libut.dll
 0002:00001530       __IMPORT_DESCRIPTOR_libmwmathutil 0000000180015530     libmwmathutil:libmwmathutil.dll
 0002:00001544       __IMPORT_DESCRIPTOR_libmwsl_sfcn_cov_bridge 0000000180015544     libmwsl_sfcn_cov_bridge:libmwsl_sfcn_cov_bridge.dll
 0002:00001558       __IMPORT_DESCRIPTOR_KERNEL32 0000000180015558     kernel32:KERNEL32.dll
 0002:0000156c       __IMPORT_DESCRIPTOR_VCRUNTIME140 000000018001556c     vcruntime:VCRUNTIME140.dll
 0002:00001580       __IMPORT_DESCRIPTOR_api-ms-win-crt-string-l1-1-0 0000000180015580     ucrt:api-ms-win-crt-string-l1-1-0.dll
 0002:00001594       __IMPORT_DESCRIPTOR_api-ms-win-crt-time-l1-1-0 0000000180015594     ucrt:api-ms-win-crt-time-l1-1-0.dll
 0002:000015a8       __IMPORT_DESCRIPTOR_api-ms-win-crt-stdio-l1-1-0 00000001800155a8     ucrt:api-ms-win-crt-stdio-l1-1-0.dll
 0002:000015bc       __IMPORT_DESCRIPTOR_api-ms-win-crt-heap-l1-1-0 00000001800155bc     ucrt:api-ms-win-crt-heap-l1-1-0.dll
 0002:000015d0       __IMPORT_DESCRIPTOR_api-ms-win-crt-runtime-l1-1-0 00000001800155d0     ucrt:api-ms-win-crt-runtime-l1-1-0.dll
 0002:000015e4       __NULL_IMPORT_DESCRIPTOR   00000001800155e4     sf_runtime:sf_runtime.dll
 0003:00000c80       DYNAMIC_DIMENSION          0000000180017c80     torque_controller_sfun_registry.obj
 0003:000030a0       __security_cookie_complement 000000018001a0a0     MSVCRT:gs_cookie.obj
 0003:000030a8       __security_cookie          000000018001a0a8     MSVCRT:gs_cookie.obj
 0003:000030b0       _fltused                   000000018001a0b0     MSVCRT:fltused.obj
 0003:000030c0       __scrt_native_dllmain_reason 000000018001a0c0     MSVCRT:utility.obj
 0003:000030c8       __isa_available            000000018001a0c8     MSVCRT:cpu_disp.obj
 0003:000030cc       __isa_enabled              000000018001a0cc     MSVCRT:cpu_disp.obj
 0003:000030d0       __memcpy_nt_iters          000000018001a0d0     MSVCRT:cpu_disp.obj
 0003:000030e0       __scrt_ucrt_dll_is_in_use  000000018001a0e0     MSVCRT:ucrt_stubs.obj
 0003:00003110       sfGlobalDebugInstanceStruct 000000018001a110     torque_controller_sfun_registry.obj
 0003:000036a0       ?__type_info_root_node@@3U__type_info_node@@A 000000018001a6a0     MSVCRT:tncleanup.obj
 0003:000036b0       ?_OptionsStorage@?1??__local_stdio_printf_options@@9@4_KA 000000018001a6b0     MSVCRT:default_local_stdio_options.obj
 0003:000036b8       ?_OptionsStorage@?1??__local_stdio_scanf_options@@9@4_KA 000000018001a6b8     MSVCRT:default_local_stdio_options.obj
 0003:000036c0       __scrt_current_native_startup_state 000000018001a6c0     MSVCRT:utility.obj
 0003:000036c8       __scrt_native_startup_lock 000000018001a6c8     MSVCRT:utility.obj
 0003:00003708       __scrt_debugger_hook_flag  000000018001a708     MSVCRT:utility_desktop.obj
 0003:0000370c       __favor                    000000018001a70c     MSVCRT:cpu_disp.obj
 0003:00003710       ?_OptionsStorage@?1??__local_stdio_printf_options@@9@9 000000018001a710     <common>
 0003:00003718       _torque_controllerMachineNumber_ 000000018001a718     <common>
 0003:00003720       __dyn_tls_init_callback    000000018001a720     <common>

 entry point at        0001:00011c88

 Static symbols

 0000:00000000       .debug$S                   0000000180000000     sf_runtime:sf_runtime.dll
 0000:00000000       .debug$S                   0000000180000000     sf_runtime:sf_runtime.dll
 0000:00000000       .debug$S                   0000000180000000     sf_runtime:sf_runtime.dll
 0000:00000000       .debug$S                   0000000180000000     sf_runtime:sf_runtime.dll
 0000:00000000       .debug$S                   0000000180000000     sf_runtime:sf_runtime.dll
 0000:00000000       .debug$S                   0000000180000000     sf_runtime:sf_runtime.dll
 0000:00000000       .debug$S                   0000000180000000     torque_controller_sfun.exp
 0000:00000000       .debug$S                   0000000180000000     sf_runtime:sf_runtime.dll
 0000:00000000       .debug$S                   0000000180000000     sf_runtime:sf_runtime.dll
 0000:00000000       .debug$S                   0000000180000000     sf_runtime:sf_runtime.dll
 0000:00000000       .debug$S                   0000000180000000     sf_runtime:sf_runtime.dll
 0000:00000000       .debug$S                   0000000180000000     sf_runtime:sf_runtime.dll
 0000:00000000       .debug$S                   0000000180000000     sf_runtime:sf_runtime.dll
 0000:00000000       .debug$S                   0000000180000000     ucrt:api-ms-win-crt-runtime-l1-1-0.dll
 0000:00000000       .debug$S                   0000000180000000     ucrt:api-ms-win-crt-runtime-l1-1-0.dll
 0000:00000000       .debug$S                   0000000180000000     ucrt:api-ms-win-crt-runtime-l1-1-0.dll
 0000:00000000       .debug$S                   0000000180000000     ucrt:api-ms-win-crt-runtime-l1-1-0.dll
 0000:00000000       .debug$S                   0000000180000000     ucrt:api-ms-win-crt-runtime-l1-1-0.dll
 0000:00000000       .debug$S                   0000000180000000     ucrt:api-ms-win-crt-runtime-l1-1-0.dll
 0000:00000000       .debug$S                   0000000180000000     ucrt:api-ms-win-crt-runtime-l1-1-0.dll
 0000:00000000       .debug$S                   0000000180000000     ucrt:api-ms-win-crt-runtime-l1-1-0.dll
 0000:00000000       .debug$S                   0000000180000000     ucrt:api-ms-win-crt-runtime-l1-1-0.dll
 0000:00000000       .debug$S                   0000000180000000     ucrt:api-ms-win-crt-runtime-l1-1-0.dll
 0000:00000000       .debug$S                   0000000180000000     ucrt:api-ms-win-crt-runtime-l1-1-0.dll
 0000:00000000       .debug$S                   0000000180000000     ucrt:api-ms-win-crt-runtime-l1-1-0.dll
 0000:00000000       .debug$S                   0000000180000000     ucrt:api-ms-win-crt-string-l1-1-0.dll
 0000:00000000       .debug$S                   0000000180000000     ucrt:api-ms-win-crt-heap-l1-1-0.dll
 0000:00000000       .debug$S                   0000000180000000     ucrt:api-ms-win-crt-heap-l1-1-0.dll
 0000:00000000       .debug$S                   0000000180000000     ucrt:api-ms-win-crt-stdio-l1-1-0.dll
 0000:00000000       .debug$S                   0000000180000000     ucrt:api-ms-win-crt-time-l1-1-0.dll
 0000:00000000       .debug$S                   0000000180000000     ucrt:api-ms-win-crt-time-l1-1-0.dll
 0000:00000000       .debug$S                   0000000180000000     ucrt:api-ms-win-crt-string-l1-1-0.dll
 0000:00000000       .debug$S                   0000000180000000     sf_runtime:sf_runtime.dll
 0000:00000000       .debug$S                   0000000180000000     vcruntime:VCRUNTIME140.dll
 0000:00000000       .debug$S                   0000000180000000     vcruntime:VCRUNTIME140.dll
 0000:00000000       .debug$S                   0000000180000000     vcruntime:VCRUNTIME140.dll
 0000:00000000       .debug$S                   0000000180000000     vcruntime:VCRUNTIME140.dll
 0000:00000000       .debug$S                   0000000180000000     sf_runtime:sf_runtime.dll
 0000:00000000       .debug$S                   0000000180000000     kernel32:KERNEL32.dll
 0000:00000000       .debug$S                   0000000180000000     kernel32:KERNEL32.dll
 0000:00000000       .debug$S                   0000000180000000     kernel32:KERNEL32.dll
 0000:00000000       .debug$S                   0000000180000000     kernel32:KERNEL32.dll
 0000:00000000       .debug$S                   0000000180000000     kernel32:KERNEL32.dll
 0000:00000000       .debug$S                   0000000180000000     kernel32:KERNEL32.dll
 0000:00000000       .debug$S                   0000000180000000     kernel32:KERNEL32.dll
 0000:00000000       .debug$S                   0000000180000000     kernel32:KERNEL32.dll
 0000:00000000       .debug$S                   0000000180000000     kernel32:KERNEL32.dll
 0000:00000000       .debug$S                   0000000180000000     kernel32:KERNEL32.dll
 0000:00000000       .debug$S                   0000000180000000     kernel32:KERNEL32.dll
 0000:00000000       .debug$S                   0000000180000000     kernel32:KERNEL32.dll
 0000:00000000       .debug$S                   0000000180000000     kernel32:KERNEL32.dll
 0000:00000000       .debug$S                   0000000180000000     kernel32:KERNEL32.dll
 0000:00000000       .debug$S                   0000000180000000     kernel32:KERNEL32.dll
 0000:00000000       .debug$S                   0000000180000000     kernel32:KERNEL32.dll
 0000:00000000       .debug$S                   0000000180000000     kernel32:KERNEL32.dll
 0000:00000000       .debug$S                   0000000180000000     sf_runtime:sf_runtime.dll
 0000:00000000       .debug$S                   0000000180000000     sf_runtime:sf_runtime.dll
 0000:00000000       .debug$S                   0000000180000000     sf_runtime:sf_runtime.dll
 0000:00000000       .debug$S                   0000000180000000     sf_runtime:sf_runtime.dll
 0002:fffec000       __guard_fids__guard_icall_checks_enforced 0000000180000000     MSVCRT:guard_support.obj
 0002:fffec000       __guard_fids__             0000000180000000     MSVCRT:guard_support.obj
 0000:00000000       .debug$S                   0000000180000000     sf_runtime:sf_runtime.dll
 0000:00000000       .debug$S                   0000000180000000     sf_runtime:sf_runtime.dll
 0000:00000000       .debug$S                   0000000180000000     sf_runtime:sf_runtime.dll
 0000:00000000       .debug$S                   0000000180000000     sf_runtime:sf_runtime.dll
 0000:00000000       .debug$S                   0000000180000000     sf_runtime:sf_runtime.dll
 0000:00000000       .debug$S                   0000000180000000     sf_runtime:sf_runtime.dll
 0000:00000000       .debug$S                   0000000180000000     sf_runtime:sf_runtime.dll
 0000:00000000       .debug$S                   0000000180000000     sf_runtime:sf_runtime.dll
 0002:fffec000       __guard_fids___scrt_set_unhandled_exception_filter 0000000180000000     MSVCRT:utility_desktop.obj
 0000:00000000       .debug$S                   0000000180000000     sf_runtime:sf_runtime.dll
 0000:00000000       .debug$S                   0000000180000000     sf_runtime:sf_runtime.dll
 0000:00000000       .debug$S                   0000000180000000     sf_runtime:sf_runtime.dll
 0000:00000000       .debug$S                   0000000180000000     sf_runtime:sf_runtime.dll
 0000:00000000       .debug$S                   0000000180000000     sf_runtime:sf_runtime.dll
 0000:00000000       .debug$S                   0000000180000000     sf_runtime:sf_runtime.dll
 0000:00000000       .debug$S                   0000000180000000     sf_runtime:sf_runtime.dll
 0000:00000000       .debug$S                   0000000180000000     sf_runtime:sf_runtime.dll
 0000:00000000       .debug$S                   0000000180000000     sf_runtime:sf_runtime.dll
 0000:00000000       .debug$S                   0000000180000000     sf_runtime:sf_runtime.dll
 0000:00000000       .debug$S                   0000000180000000     sf_runtime:sf_runtime.dll
 0000:00000000       .debug$S                   0000000180000000     sf_runtime:sf_runtime.dll
 0000:00000000       .debug$S                   0000000180000000     sf_runtime:sf_runtime.dll
 0000:00000000       .debug$S                   0000000180000000     sf_runtime:sf_runtime.dll
 0000:00000000       .debug$S                   0000000180000000     sf_runtime:sf_runtime.dll
 0000:00000000       .debug$S                   0000000180000000     sf_runtime:sf_runtime.dll
 0000:00000000       .debug$S                   0000000180000000     sf_runtime:sf_runtime.dll
 0000:00000000       .debug$S                   0000000180000000     sf_runtime:sf_runtime.dll
 0000:00000000       .debug$S                   0000000180000000     sf_runtime:sf_runtime.dll
 0000:00000000       .debug$S                   0000000180000000     sf_runtime:sf_runtime.dll
 0000:00000000       .debug$S                   0000000180000000     sf_runtime:sf_runtime.dll
 0000:00000000       .debug$S                   0000000180000000     sf_runtime:sf_runtime.dll
 0000:00000000       .debug$S                   0000000180000000     sf_runtime:sf_runtime.dll
 0000:00000000       .debug$S                   0000000180000000     sf_runtime:sf_runtime.dll
 0000:00000000       .debug$S                   0000000180000000     sf_runtime:sf_runtime.dll
 0000:00000000       .debug$S                   0000000180000000     sf_runtime:sf_runtime.dll
 0000:00000000       .debug$S                   0000000180000000     sf_runtime:sf_runtime.dll
 0000:00000000       .debug$S                   0000000180000000     sf_runtime:sf_runtime.dll
 0000:00000000       .debug$S                   0000000180000000     sf_runtime:sf_runtime.dll
 0000:00000000       .debug$S                   0000000180000000     libmx:libmx.dll
 0000:00000000       .debug$S                   0000000180000000     libmx:libmx.dll
 0000:00000000       .debug$S                   0000000180000000     libmx:libmx.dll
 0000:00000000       .debug$S                   0000000180000000     libmx:libmx.dll
 0000:00000000       .debug$S                   0000000180000000     libmx:libmx.dll
 0000:00000000       .debug$S                   0000000180000000     libmx:libmx.dll
 0000:00000000       .debug$S                   0000000180000000     libmx:libmx.dll
 0000:00000000       .debug$S                   0000000180000000     libmx:libmx.dll
 0000:00000000       .debug$S                   0000000180000000     libmx:libmx.dll
 0000:00000000       .debug$S                   0000000180000000     libmx:libmx.dll
 0000:00000000       .debug$S                   0000000180000000     libmx:libmx.dll
 0000:00000000       .debug$S                   0000000180000000     libmx:libmx.dll
 0000:00000000       .debug$S                   0000000180000000     sf_runtime:sf_runtime.dll
 0000:00000000       .debug$S                   0000000180000000     libmx:libmx.dll
 0000:00000000       .debug$S                   0000000180000000     libmx:libmx.dll
 0000:00000000       .debug$S                   0000000180000000     libmx:libmx.dll
 0000:00000000       .debug$S                   0000000180000000     libmx:libmx.dll
 0000:00000000       .debug$S                   0000000180000000     sf_runtime:sf_runtime.dll
 0000:00000000       .debug$S                   0000000180000000     libmx:libmx.dll
 0000:00000000       .debug$S                   0000000180000000     sf_runtime:sf_runtime.dll
 0000:00000000       .debug$S                   0000000180000000     libmx:libmx.dll
 0000:00000000       .debug$S                   0000000180000000     sf_runtime:sf_runtime.dll
 0000:00000000       .debug$S                   0000000180000000     libmx:libmx.dll
 0000:00000000       .debug$S                   0000000180000000     sf_runtime:sf_runtime.dll
 0000:00000000       .debug$S                   0000000180000000     libmx:libmx.dll
 0000:00000000       .debug$S                   0000000180000000     libmx:libmx.dll
 0000:00000000       .debug$S                   0000000180000000     libmx:libmx.dll
 0000:00000000       .debug$S                   0000000180000000     sf_runtime:sf_runtime.dll
 0000:00000000       .debug$S                   0000000180000000     libmex:libmex.dll
 0000:00000000       .debug$S                   0000000180000000     sf_runtime:sf_runtime.dll
 0000:00000000       .debug$S                   0000000180000000     libmex:libmex.dll
 0000:00000000       .debug$S                   0000000180000000     sf_runtime:sf_runtime.dll
 0002:fffec000       __guard_fids_?dllmain_dispatch@@YAHQEAUHINSTANCE__@@KQEAX@Z 0000000180000000     MSVCRT:dll_dllmain.obj
 0000:00000000       .debug$S                   0000000180000000     libmex:libmex.dll
 0000:00000000       .debug$S                   0000000180000000     sf_runtime:sf_runtime.dll
 0000:00000000       .debug$S                   0000000180000000     libmex:libmex.dll
 0000:00000000       .debug$S                   0000000180000000     sf_runtime:sf_runtime.dll
 0000:00000000       .debug$S                   0000000180000000     libmex:libmex.dll
 0000:00000000       .debug$S                   0000000180000000     sf_runtime:sf_runtime.dll
 0000:00000000       .debug$S                   0000000180000000     sf_runtime:sf_runtime.dll
 0000:00000000       .debug$S                   0000000180000000     sf_runtime:sf_runtime.dll
 0000:00000000       .debug$S                   0000000180000000     libmex:libmex.dll
 0000:00000000       .debug$S                   0000000180000000     sf_runtime:sf_runtime.dll
 0000:00000000       .debug$S                   0000000180000000     libmex:libmex.dll
 0000:00000000       .debug$S                   0000000180000000     libut:libut.dll
 0000:00000000       .debug$S                   0000000180000000     libut:libut.dll
[...]
 0004:000002a0       $pdata$sf_get_sim_state_info_c1_torque_controller 000000018001b2a0     c1_torque_controller.obj
 0004:000002ac       $pdata$sf_opaque_initialize_c1_torque_controller 000000018001b2ac     c1_torque_controller.obj
 0004:000002b8       $pdata$sf_opaque_enable_c1_torque_controller 000000018001b2b8     c1_torque_controller.obj
 0004:000002c4       $pdata$sf_opaque_disable_c1_torque_controller 000000018001b2c4     c1_torque_controller.obj
 0004:000002d0       $pdata$sf_opaque_gateway_c1_torque_controller 000000018001b2d0     c1_torque_controller.obj
 0004:000002dc       $pdata$sf_opaque_get_sim_state_c1_torque_controller 000000018001b2dc     c1_torque_controller.obj
 0004:000002e8       $pdata$sf_opaque_set_sim_state_c1_torque_controller 000000018001b2e8     c1_torque_controller.obj
 0004:000002f4       $pdata$sf_opaque_terminate_c1_torque_controller 000000018001b2f4     c1_torque_controller.obj
 0004:00000300       $pdata$mdlProcessParameters_c1_torque_controller 000000018001b300     c1_torque_controller.obj
 0004:0000030c       $pdata$mdlSetWorkWidths_c1_torque_controller 000000018001b30c     c1_torque_controller.obj
 0004:00000318       $pdata$mdlRTW_c1_torque_controller 000000018001b318     c1_torque_controller.obj
 0004:00000324       $pdata$mdlStart_c1_torque_controller 000000018001b324     c1_torque_controller.obj
 0004:00000330       $pdata$mexFunction         000000018001b330     torque_controller_sfun_registry.obj
 0004:0000033c       $pdata$_ssSetInputPortDirectFeedThroughFcn 000000018001b33c     torque_controller_sfun_registry.obj
 0004:00000348       $pdata$_ssSetRWorkValueFcn 000000018001b348     torque_controller_sfun_registry.obj
 0004:00000354       $pdata$_ssGetRWorkValueFcn 000000018001b354     torque_controller_sfun_registry.obj
 0004:00000360       $pdata$_ssSetIWorkValueFcn 000000018001b360     torque_controller_sfun_registry.obj
 0004:0000036c       $pdata$_ssGetIWorkValueFcn 000000018001b36c     torque_controller_sfun_registry.obj
 0004:00000378       $pdata$_ssSetPWorkValueFcn 000000018001b378     torque_controller_sfun_registry.obj
 0004:00000384       $pdata$_ssGetPWorkValueFcn 000000018001b384     torque_controller_sfun_registry.obj
 0004:00000390       $pdata$_ssGetInputPortSignalFcn 000000018001b390     torque_controller_sfun_registry.obj
 0004:0000039c       $pdata$_ssGetInputPortBufferDstPortFcn 000000018001b39c     torque_controller_sfun_registry.obj
 0004:000003a8       $pdata$_ssGetInputPortSignalPtrsFcn 000000018001b3a8     torque_controller_sfun_registry.obj
 0004:000003b4       $pdata$ssGetParameterTuningCompliance 000000018001b3b4     torque_controller_sfun_registry.obj
 0004:000003c0       $pdata$ssGetDTypeIdFromMxArray 000000018001b3c0     torque_controller_sfun_registry.obj
 0004:000003cc       $pdata$ssWriteRTWMx2dMatParam 000000018001b3cc     torque_controller_sfun_registry.obj
 0004:000003d8       $pdata$ssWriteRTWMxVectParam 000000018001b3d8     torque_controller_sfun_registry.obj
 0004:000003e4       $pdata$ssWriteRTWParameters 000000018001b3e4     torque_controller_sfun_registry.obj
 0004:000003f0       $pdata$ssWriteRTWParamSettings 000000018001b3f0     torque_controller_sfun_registry.obj
 0004:000003fc       $pdata$ssWriteRTWStr       000000018001b3fc     torque_controller_sfun_registry.obj
 0004:00000408       $pdata$ssWriteRTWWorkVect  000000018001b408     torque_controller_sfun_registry.obj
 0004:00000414       $pdata$ssWarning           000000018001b414     torque_controller_sfun_registry.obj
 0004:00000420       $pdata$ssWriteRTWNameValuePair 000000018001b420     torque_controller_sfun_registry.obj
 0004:0000042c       $pdata$_ssSetInputPortMatrixDimensions 000000018001b42c     torque_controller_sfun_registry.obj
 0004:00000438       $pdata$_ssSetOutputPortMatrixDimensions 000000018001b438     torque_controller_sfun_registry.obj
 0004:00000444       $pdata$_ssSetInputPortVectorDimension 000000018001b444     torque_controller_sfun_registry.obj
 0004:00000450       $pdata$_ssSetOutputPortVectorDimension 000000018001b450     torque_controller_sfun_registry.obj
 0004:0000045c       $pdata$ssIsRunTimeParamTunable 000000018001b45c     torque_controller_sfun_registry.obj
 0004:00000468       $pdata$ssGetSFuncBlockHandle 000000018001b468     torque_controller_sfun_registry.obj
 0004:00000474       $pdata$_ssGetCurrentInputPortWidth 000000018001b474     torque_controller_sfun_registry.obj
 0004:00000480       $pdata$_ssGetCurrentOutputPortWidth 000000018001b480     torque_controller_sfun_registry.obj
 0004:0000048c       $pdata$_ssGetCallSystemNumFcnCallDestinations 000000018001b48c     torque_controller_sfun_registry.obj
 0004:00000498       $pdata$ssGetIsZeroCrossControlDisabled 000000018001b498     torque_controller_sfun_registry.obj
 0004:000004a4       $pdata$ssSetIsInputPortUsedForContZcSignal 000000018001b4a4     torque_controller_sfun_registry.obj
 0004:000004b0       $pdata$ssSetZcSignalIsZcElementDisc 000000018001b4b0     torque_controller_sfun_registry.obj
 0004:000004bc       $pdata$ssSetZcSignalName   000000018001b4bc     torque_controller_sfun_registry.obj
 0004:000004c8       $pdata$ssSetZcSignalWidth  000000018001b4c8     torque_controller_sfun_registry.obj
 0004:000004d4       $pdata$ssSetZcSignalZcEventType 000000018001b4d4     torque_controller_sfun_registry.obj
 0004:000004e0       $pdata$ssSetZcSignalType   000000018001b4e0     torque_controller_sfun_registry.obj
 0004:000004ec       $pdata$ssSetZcSignalZcTol  000000018001b4ec     torque_controller_sfun_registry.obj
 0004:000004f8       $pdata$ssSetZcSignalNeedsEventNotification 000000018001b4f8     torque_controller_sfun_registry.obj
 0004:00000504       $pdata$ssCreateAndAddZcSignalInfo 000000018001b504     torque_controller_sfun_registry.obj
 0004:00000510       $pdata$ssCloneAndAddZcSignalInfo 000000018001b510     torque_controller_sfun_registry.obj
 0004:0000051c       $pdata$ssGetNumZcSignals   000000018001b51c     torque_controller_sfun_registry.obj
 0004:00000528       $pdata$ssGetZcSignalVector 000000018001b528     torque_controller_sfun_registry.obj
 0004:00000534       $pdata$ssGetZcSignalName   000000018001b534     torque_controller_sfun_registry.obj
 0004:00000540       $pdata$ssGetZcSignalWidth  000000018001b540     torque_controller_sfun_registry.obj
 0004:0000054c       $pdata$ssGetZcSignalZcEventType 000000018001b54c     torque_controller_sfun_registry.obj
 0004:00000558       $pdata$ssGetZcSignalZcEvents 000000018001b558     torque_controller_sfun_registry.obj
 0004:00000564       $pdata$ssGetZcSignalType   000000018001b564     torque_controller_sfun_registry.obj
 0004:00000570       $pdata$ssGetZcSignalZcTol  000000018001b570     torque_controller_sfun_registry.obj
 0004:0000057c       $pdata$ssGetZcSignalNeedsEventNotification 000000018001b57c     torque_controller_sfun_registry.obj
 0004:00000588       $pdata$ssGetZcSignalIsZcElementDisc 000000018001b588     torque_controller_sfun_registry.obj
 0004:00000594       $pdata$ssGetIsInputPortElementContinuous 000000018001b594     torque_controller_sfun_registry.obj
 0004:000005a0       $pdata$_ssGetAbsTol        000000018001b5a0     torque_controller_sfun_registry.obj
 0004:000005ac       $pdata$_ssSetInputPortReusableFcn 000000018001b5ac     torque_controller_sfun_registry.obj
 0004:000005b8       $pdata$_ssSetOutputPortReusableFcn 000000018001b5b8     torque_controller_sfun_registry.obj
 0004:000005c4       $pdata$_ssSetSymbolicDimsSupport 000000018001b5c4     torque_controller_sfun_registry.obj
 0004:000005d0       $pdata$_ssRegisterSymbolicDimsExpr 000000018001b5d0     torque_controller_sfun_registry.obj
 0004:000005dc       $pdata$_ssRegisterSymbolicDims 000000018001b5dc     torque_controller_sfun_registry.obj
 0004:000005e8       $pdata$_ssRegisterSymbolicDimsString 000000018001b5e8     torque_controller_sfun_registry.obj
 0004:000005f4       $pdata$_ssRegisterSymbolicDimsIntValue 000000018001b5f4     torque_controller_sfun_registry.obj
 0004:00000600       $pdata$_ssRegisterSymbolicDimsPlus 000000018001b600     torque_controller_sfun_registry.obj
 0004:0000060c       $pdata$_ssRegisterSymbolicDimsMinus 000000018001b60c     torque_controller_sfun_registry.obj
 0004:00000618       $pdata$_ssRegisterSymbolicDimsMultiply 000000018001b618     torque_controller_sfun_registry.obj
 0004:00000624       $pdata$_ssRegisterSymbolicDimsDivide 000000018001b624     torque_controller_sfun_registry.obj
 0004:00000630       $pdata$_ssGetNumSymbolicDims 000000018001b630     torque_controller_sfun_registry.obj
 0004:0000063c       $pdata$_ssGetSymbolicDim   000000018001b63c     torque_controller_sfun_registry.obj
 0004:00000648       $pdata$_ssSetInputPortSymbolicDimsId 000000018001b648     torque_controller_sfun_registry.obj
 0004:00000654       $pdata$_ssGetCompInputPortSymbolicDimsId 000000018001b654     torque_controller_sfun_registry.obj
 0004:00000660       $pdata$_ssSetCompInputPortSymbolicDimsId 000000018001b660     torque_controller_sfun_registry.obj
 0004:0000066c       $pdata$_ssSetOutputPortSymbolicDimsId 000000018001b66c     torque_controller_sfun_registry.obj
 0004:00000678       $pdata$_ssGetCompOutputPortSymbolicDimsId 000000018001b678     torque_controller_sfun_registry.obj
 0004:00000684       $pdata$_ssSetCompOutputPortSymbolicDimsId 000000018001b684     torque_controller_sfun_registry.obj
 0004:00000690       $pdata$_ssSetCompDWorkSymbolicDimsId 000000018001b690     torque_controller_sfun_registry.obj
 0004:0000069c       $pdata$sf_process_check_sum_call 000000018001b69c     torque_controller_sfun_registry.obj
 0004:000006a8       $pdata$sf_process_autoinheritance_call 000000018001b6a8     torque_controller_sfun_registry.obj
 0004:000006b4       $pdata$sf_process_get_third_party_uses_info_call 000000018001b6b4     torque_controller_sfun_registry.obj
 0004:000006c0       $pdata$sf_process_get_jit_fallback_info_call 000000018001b6c0     torque_controller_sfun_registry.obj
 0004:000006cc       $pdata$sf_process_get_updateBuildInfo_args_info_call 000000018001b6cc     torque_controller_sfun_registry.obj
 0004:000006d8       $pdata$sf_process_get_eml_resolved_functions_info_call 000000018001b6d8     torque_controller_sfun_registry.obj
 0004:000006e4       $pdata$sf_mex_unlock_call  000000018001b6e4     torque_controller_sfun_registry.obj
 0004:000006f0       $pdata$sf_debug_api_wrapper 000000018001b6f0     torque_controller_sfun_registry.obj
 0004:000006fc       $pdata$ProcessMexSfunctionCmdLineCall 000000018001b6fc     torque_controller_sfun_registry.obj
 0004:00000708       $pdata$sf_machine_global_initializer_called 000000018001b708     torque_controller_sfun_registry.obj
 0004:00000714       $pdata$sf_machine_global_method_dispatcher 000000018001b714     torque_controller_sfun_registry.obj
 0004:00000720       $pdata$sf_machine_global_terminator 000000018001b720     torque_controller_sfun_registry.obj
 0004:0000072c       $pdata$sf_register_machine_exported_symbols 000000018001b72c     torque_controller_sfun_registry.obj
 0004:00000738       $pdata$sf_machine_global_initializer 000000018001b738     torque_controller_sfun_registry.obj
 0004:00000744       $pdata$mdlGetSimState      000000018001b744     torque_controller_sfun_registry.obj
 0004:00000750       $pdata$mdlSetSimState      000000018001b750     torque_controller_sfun_registry.obj
 0004:0000075c       $pdata$mdlSetWorkWidths    000000018001b75c     torque_controller_sfun_registry.obj
 0004:00000768       $pdata$mdlProcessParameters 000000018001b768     torque_controller_sfun_registry.obj
 0004:00000774       $pdata$mdl_start_processing 000000018001b774     torque_controller_sfun_registry.obj
 0004:00000780       $pdata$mdl_terminate_processing 000000018001b780     torque_controller_sfun_registry.obj
 0004:0000078c       $pdata$mdlStart            000000018001b78c     torque_controller_sfun_registry.obj
 0004:00000798       $pdata$mdlTerminate        000000018001b798     torque_controller_sfun_registry.obj
 0004:000007a4       $pdata$mdlInitializeSizes  000000018001b7a4     torque_controller_sfun_registry.obj
 0004:000007b0       $pdata$mdlInitializeSampleTimes 000000018001b7b0     torque_controller_sfun_registry.obj
 0004:000007bc       $pdata$mdl_outputs_continuous_legacy 000000018001b7bc     torque_controller_sfun_registry.obj
 0004:000007c8       $pdata$mdl_outputs_processing 000000018001b7c8     torque_controller_sfun_registry.obj
 0004:000007d4       $pdata$mdl_zeroCrossings_processing 000000018001b7d4     torque_controller_sfun_registry.obj
 0004:000007e0       $pdata$mdlZeroCrossings    000000018001b7e0     torque_controller_sfun_registry.obj
 0004:000007ec       $pdata$mdl_derivatives_processing 000000018001b7ec     torque_controller_sfun_registry.obj
 0004:000007f8       $pdata$mdlDerivatives      000000018001b7f8     torque_controller_sfun_registry.obj
 0004:00000804       $pdata$mdl_initialize_conditions_processing 000000018001b804     torque_controller_sfun_registry.obj
 0004:00000810       $pdata$mdlInitializeConditions 000000018001b810     torque_controller_sfun_registry.obj
 0004:0000081c       $pdata$mdl_ext_mode_exec_processing 000000018001b81c     torque_controller_sfun_registry.obj
 0004:00000828       $pdata$mdlExtModeExec      000000018001b828     torque_controller_sfun_registry.obj
 0004:00000834       $pdata$mdlRTW              000000018001b834     torque_controller_sfun_registry.obj
 0004:00000840       $pdata$mdl_enable_processing 000000018001b840     torque_controller_sfun_registry.obj
 0004:0000084c       $pdata$mdlEnable           000000018001b84c     torque_controller_sfun_registry.obj
 0004:00000858       $pdata$mdl_disable_processing 000000018001b858     torque_controller_sfun_registry.obj
 0004:00000864       $pdata$mdlDisable          000000018001b864     torque_controller_sfun_registry.obj
 0004:00000870       $pdata$mdlOutputs          000000018001b870     torque_controller_sfun_registry.obj
 0004:0000087c       $pdata$mdl_update_processing 000000018001b87c     torque_controller_sfun_registry.obj
 0004:00000888       $pdata$mdlUpdate           000000018001b888     torque_controller_sfun_registry.obj
 0004:00000894       $pdata$ProcessMexSfunctionEveryCall 000000018001b894     torque_controller_sfun_registry.obj
 0004:000008a0       $pdata$_RegNumInputPortsCB 000000018001b8a0     torque_controller_sfun_registry.obj
 0004:000008ac       $pdata$_RegNumOutputPortsCB 000000018001b8ac     torque_controller_sfun_registry.obj
 0004:000008b8       $pdata$_CreateSimStruct    000000018001b8b8     torque_controller_sfun_registry.obj
 0004:000008c4       $pdata$_ProcessMexSfunctionCmdLineCall 000000018001b8c4     torque_controller_sfun_registry.obj
 0004:000008d0       $pdata$ReportIndexOutOfBoundsError 000000018001b8d0     torque_controller_sfun_registry.obj
 0004:000008dc       $pdata$_vsnprintf_l        000000018001b8dc     torque_controller_sfun_registry.obj
 0004:000008e8       $pdata$_vsprintf_l         000000018001b8e8     torque_controller_sfun_registry.obj
 0004:000008f4       $pdata$sprintf             000000018001b8f4     torque_controller_sfun_registry.obj
 0004:00000900       $pdata$__raise_securityfailure 000000018001b900     MSVCRT:gs_report.obj
 0004:0000090c       $pdata$__report_gsfailure  000000018001b90c     MSVCRT:gs_report.obj
 0004:00000918       $pdata$__report_rangecheckfailure 000000018001b918     MSVCRT:gs_report.obj
 0004:00000924       $pdata$__report_securityfailure 000000018001b924     MSVCRT:gs_report.obj
 0004:00000930       $pdata$__report_securityfailureEx 000000018001b930     MSVCRT:gs_report.obj
 0004:0000093c       $pdata$capture_current_context 000000018001b93c     MSVCRT:gs_report.obj
 0004:00000948       $pdata$capture_previous_context 000000018001b948     MSVCRT:gs_report.obj
 0004:00000954       $pdata$__GSHandlerCheck    000000018001b954     MSVCRT:gshandler.obj
 0004:00000960       $pdata$__GSHandlerCheckCommon 000000018001b960     MSVCRT:gshandler.obj
 0004:00000984       $pdata$?dllmain_crt_dispatch@@YAHQEAUHINSTANCE__@@KQEAX@Z 000000018001b984     MSVCRT:dll_dllmain.obj
 0004:00000990       $pdata$?dllmain_crt_process_attach@@YAHQEAUHINSTANCE__@@QEAX@Z 000000018001b990     MSVCRT:dll_dllmain.obj
 0004:0000099c       $pdata$?dllmain_crt_process_detach@@YAH_N@Z 000000018001b99c     MSVCRT:dll_dllmain.obj
 0004:000009a8       $pdata$?dllmain_dispatch@@YAHQEAUHINSTANCE__@@KQEAX@Z 000000018001b9a8     MSVCRT:dll_dllmain.obj
 0004:000009b4       $pdata$_DllMainCRTStartup  000000018001b9b4     MSVCRT:dll_dllmain.obj
 0004:000009c0       $pdata$__get_entropy       000000018001b9c0     MSVCRT:gs_support.obj
 0004:000009cc       $pdata$__security_init_cookie 000000018001b9cc     MSVCRT:gs_support.obj
 0004:000009d8       $pdata$DllMain             000000018001b9d8     MSVCRT:dll_dllmain_stub.obj
 0004:000009e4       $pdata$__scrt_initialize_default_local_stdio_options 000000018001b9e4     MSVCRT:default_local_stdio_options.obj
 0004:000009f0       $pdata$?configure_argv@__scrt_narrow_argv_policy@@SAHXZ 000000018001b9f0     MSVCRT:utility.obj
 0004:000009fc       $pdata$__scrt_acquire_startup_lock 000000018001b9fc     MSVCRT:utility.obj
 0004:00000a08       $pdata$__scrt_dllmain_after_initialize_c 000000018001ba08     MSVCRT:utility.obj
 0004:00000a14       $pdata$__scrt_dllmain_before_initialize_c 000000018001ba14     MSVCRT:utility.obj
 0004:00000a20       $pdata$__scrt_dllmain_crt_thread_attach 000000018001ba20     MSVCRT:utility.obj
 0004:00000a2c       $pdata$__scrt_dllmain_crt_thread_detach 000000018001ba2c     MSVCRT:utility.obj
 0004:00000a38       $pdata$__scrt_dllmain_exception_filter 000000018001ba38     MSVCRT:utility.obj
 0004:00000a44       $pdata$__scrt_dllmain_uninitialize_c 000000018001ba44     MSVCRT:utility.obj
 0004:00000a50       $pdata$__scrt_dllmain_uninitialize_critical 000000018001ba50     MSVCRT:utility.obj
 0004:00000a5c       $pdata$__scrt_initialize_crt 000000018001ba5c     MSVCRT:utility.obj
 0004:00000a68       $pdata$__scrt_initialize_onexit_tables 000000018001ba68     MSVCRT:utility.obj
 0004:00000a74       $pdata$__scrt_is_nonwritable_in_current_image 000000018001ba74     MSVCRT:utility.obj
 0004:00000a80       $pdata$__scrt_release_startup_lock 000000018001ba80     MSVCRT:utility.obj
 0004:00000a8c       $pdata$__scrt_uninitialize_crt 000000018001ba8c     MSVCRT:utility.obj
 0004:00000a98       $pdata$_onexit             000000018001ba98     MSVCRT:utility.obj
 0004:00000aa4       $pdata$atexit              000000018001baa4     MSVCRT:utility.obj
 0004:00000ab0       $pdata$__scrt_fastfail     000000018001bab0     MSVCRT:utility_desktop.obj
 0004:00000abc       $pdata$__scrt_get_show_window_mode 000000018001babc     MSVCRT:utility_desktop.obj
 0004:00000ac8       $pdata$__scrt_is_managed_app 000000018001bac8     MSVCRT:utility_desktop.obj
 0004:00000ad4       $pdata$__scrt_unhandled_exception_filter 000000018001bad4     MSVCRT:utility_desktop.obj
 0004:00000ae0       $pdata$_RTC_Initialize     000000018001bae0     MSVCRT:initsect.obj
 0004:00000aec       $pdata$_RTC_Terminate      000000018001baec     MSVCRT:initsect.obj
 0004:00000af8       $pdata$__isa_available_init 000000018001baf8     MSVCRT:cpu_disp.obj
 0004:00000b10       $pdata$?fin$0@?0??dllmain_crt_process_attach@@YAHQEAUHINSTANCE__@@QEAX@Z@4HA 000000018001bb10     MSVCRT:dll_dllmain.obj
 0004:00000b1c       $pdata$?fin$0@?0??dllmain_crt_process_detach@@YAH_N@Z@4HA 000000018001bb1c     MSVCRT:dll_dllmain.obj
 0004:00000b28       $pdata$?filt$0@?0??dllmain_dispatch@@YAHQEAUHINSTANCE__@@KQEAX@Z@4HA 000000018001bb28     MSVCRT:dll_dllmain.obj
 0004:00000b34       $pdata$__scrt_is_nonwritable_in_current_image$filt$0 000000018001bb34     MSVCRT:utility.obj
